Product: MDK-ARM Lite 5.10
Component: ARM Compiler 5.04 update 1 (build 49)
Tool: armlink [5040049]

==============================================================================

Section Cross References

    main.o(.text) refers to system_stm32f4xx.o(.text) for SystemCoreClockUpdate
    main.o(.text) refers to printf1.o(i.__0printf$1) for __2printf
    main.o(.text) refers to tm_stm32f4_lis302dl_lis3dsh.o(.text) for TM_LIS302DL_LIS3DSH_Init
    main.o(.text) refers to accel.o(.text) for get_magnitude
    main.o(.text) refers to speaker.o(.text) for init_speaker
    main.o(.text) refers to playback.o(.text) for playArray
    main.o(.text) refers to main.o(.data) for msTicks
    main.o(.text) refers to system_stm32f4xx.o(.data) for SystemCoreClock
    tm_stm32f4_lis302dl_lis3dsh.o(.text) refers to tm_stm32f4_spi.o(.text) for TM_SPI_Send
    tm_stm32f4_lis302dl_lis3dsh.o(.text) refers to stm32f4xx_rcc.o(.text) for RCC_AHB1PeriphClockCmd
    tm_stm32f4_lis302dl_lis3dsh.o(.text) refers to stm32f4xx_gpio.o(.text) for GPIO_Init
    tm_stm32f4_lis302dl_lis3dsh.o(.text) refers to tm_stm32f4_lis302dl_lis3dsh.o(.data) for initialized
    tm_stm32f4_spi.o(.text) refers to stm32f4xx_rcc.o(.text) for RCC_AHB1PeriphClockCmd
    tm_stm32f4_spi.o(.text) refers to stm32f4xx_gpio.o(.text) for GPIO_Init
    tm_stm32f4_spi.o(.text) refers to stm32f4xx_spi.o(.text) for SPI_StructInit
    accel.o(.text) refers to dflti.o(.text) for __aeabi_i2d
    accel.o(.text) refers to sqrt_full.o(i.__hardfp_sqrt) for __hardfp_sqrt
    accel.o(.text) refers to dfixi.o(.text) for __aeabi_d2iz
    accel.o(.text) refers to dadd.o(.text) for __aeabi_dsub
    codec.o(.text) refers to stm32f4xx_gpio.o(.text) for GPIO_StructInit
    codec.o(.text) refers to stm32f4xx_rcc.o(.text) for RCC_AHB1PeriphClockCmd
    codec.o(.text) refers to stm32f4xx_spi.o(.text) for SPI_I2S_DeInit
    codec.o(.text) refers to stm32f4xx_i2c.o(.text) for I2C_DeInit
    playback.o(.text) refers to printf1.o(i.__0printf$1) for __2printf
    playback.o(.text) refers to speaker.o(.text) for send_to_speaker
    playback.o(.text) refers to dfltui.o(.text) for __aeabi_ui2d
    playback.o(.text) refers to ddiv.o(.text) for __aeabi_ddiv
    playback.o(.text) refers to d2f.o(.text) for __aeabi_d2f
    playback.o(.text) refers to arm_sin_f32.o(.text) for arm_sin_f32
    playback.o(.text) refers to main.o(.data) for msTicks
    playback.o(.text) refers to playback.o(.data) for frequency
    speaker.o(.text) refers to stm32f4xx_rcc.o(.text) for RCC_AHB1PeriphClockCmd
    speaker.o(.text) refers to codec.o(.text) for codec_init
    speaker.o(.text) refers to stm32f4xx_spi.o(.text) for I2S_Cmd
    system_stm32f4xx.o(.text) refers to system_stm32f4xx.o(.data) for SystemCoreClock
    startup_stm32f40_41xxx.o(RESET) refers to startup_stm32f40_41xxx.o(STACK) for __initial_sp
    startup_stm32f40_41xxx.o(RESET) refers to startup_stm32f40_41xxx.o(.text) for Reset_Handler
    startup_stm32f40_41xxx.o(RESET) refers to main.o(.text) for SysTick_Handler
    startup_stm32f40_41xxx.o(.text) refers to system_stm32f4xx.o(.text) for SystemInit
    startup_stm32f40_41xxx.o(.text) refers to entry.o(.ARM.Collect$$$$00000000) for __main
    stm32f4xx_gpio.o(.text) refers to stm32f4xx_rcc.o(.text) for RCC_AHB1PeriphResetCmd
    stm32f4xx_rcc.o(.text) refers to stm32f4xx_rcc.o(.data) for APBAHBPrescTable
    stm32f4xx_syscfg.o(.text) refers to stm32f4xx_rcc.o(.text) for RCC_APB2PeriphResetCmd
    stm32f4xx_adc.o(.text) refers to stm32f4xx_rcc.o(.text) for RCC_APB2PeriphResetCmd
    stm32f4xx_spi.o(.text) refers to stm32f4xx_rcc.o(.text) for RCC_APB2PeriphResetCmd
    stm32f4xx_i2c.o(.text) refers to stm32f4xx_rcc.o(.text) for RCC_APB1PeriphResetCmd
    arm_sin_f32.o(.text) refers to arm_common_tables.o(.constdata) for sinTable_f32
    sqrt_full.o(i.__hardfp_sqrt) refers (Special) to iusefp.o(.text) for __I$use$fp
    sqrt_full.o(i.__hardfp_sqrt) refers to dsqrt.o(.text) for _dsqrt
    sqrt_full.o(i.__hardfp_sqrt) refers to errno.o(i.__set_errno) for __set_errno
    sqrt_full.o(i.__softfp_sqrt) refers (Special) to iusefp.o(.text) for __I$use$fp
    sqrt_full.o(i.__softfp_sqrt) refers to dsqrt.o(.text) for _dsqrt
    sqrt_full.o(i.__softfp_sqrt) refers to errno.o(i.__set_errno) for __set_errno
    sqrt_full.o(i.sqrt) refers (Special) to iusefp.o(.text) for __I$use$fp
    sqrt_full.o(i.sqrt) refers to dsqrt.o(.text) for _dsqrt
    sqrt_full.o(i.sqrt) refers to errno.o(i.__set_errno) for __set_errno
    sqrt_full_x.o(i.____hardfp_sqrt$lsc) refers (Special) to iusefp.o(.text) for __I$use$fp
    sqrt_full_x.o(i.____hardfp_sqrt$lsc) refers to cdcmple.o(.text) for __aeabi_cdcmple
    sqrt_full_x.o(i.____hardfp_sqrt$lsc) refers to errno.o(i.__set_errno) for __set_errno
    sqrt_full_x.o(i.____hardfp_sqrt$lsc) refers to dsqrt.o(.text) for _dsqrt
    sqrt_full_x.o(i.____softfp_sqrt$lsc) refers (Special) to iusefp.o(.text) for __I$use$fp
    sqrt_full_x.o(i.____softfp_sqrt$lsc) refers to cdcmple.o(.text) for __aeabi_cdcmple
    sqrt_full_x.o(i.____softfp_sqrt$lsc) refers to errno.o(i.__set_errno) for __set_errno
    sqrt_full_x.o(i.____softfp_sqrt$lsc) refers to dsqrt.o(.text) for _dsqrt
    sqrt_full_x.o(i.__sqrt$lsc) refers (Special) to iusefp.o(.text) for __I$use$fp
    sqrt_full_x.o(i.__sqrt$lsc) refers to cdcmple.o(.text) for __aeabi_cdcmple
    sqrt_full_x.o(i.__sqrt$lsc) refers to errno.o(i.__set_errno) for __set_errno
    sqrt_full_x.o(i.__sqrt$lsc) refers to dsqrt.o(.text) for _dsqrt
    entry.o(.ARM.Collect$$$$00000000) refers (Special) to entry10a.o(.ARM.Collect$$$$0000000D) for __rt_final_cpp
    entry.o(.ARM.Collect$$$$00000000) refers (Special) to entry11a.o(.ARM.Collect$$$$0000000F) for __rt_final_exit
    entry.o(.ARM.Collect$$$$00000000) refers (Special) to entry7b.o(.ARM.Collect$$$$00000008) for _main_clock
    entry.o(.ARM.Collect$$$$00000000) refers (Special) to entry8b.o(.ARM.Collect$$$$0000000A) for _main_cpp_init
    entry.o(.ARM.Collect$$$$00000000) refers (Special) to entry9a.o(.ARM.Collect$$$$0000000B) for _main_init
    entry.o(.ARM.Collect$$$$00000000) refers (Special) to entry5.o(.ARM.Collect$$$$00000004) for _main_scatterload
    entry.o(.ARM.Collect$$$$00000000) refers (Special) to entry2.o(.ARM.Collect$$$$00000001) for _main_stk
    printfb.o(i.__0fprintf$bare) refers to printfb.o(i._printf_core) for _printf_core
    printfb.o(i.__0fprintf$bare) refers to fputc_def.o(.text) for fputc
    printfb.o(i.__0printf$bare) refers to printfb.o(i._printf_core) for _printf_core
    printfb.o(i.__0printf$bare) refers to fputc_def.o(.text) for fputc
    printfb.o(i.__0printf$bare) refers to stdout.o(.data) for __stdout
    printfb.o(i.__0snprintf$bare) refers to printfb.o(i._printf_core) for _printf_core
    printfb.o(i.__0snprintf$bare) refers to printfb.o(i._snputc) for _snputc
    printfb.o(i.__0sprintf$bare) refers to printfb.o(i._printf_core) for _printf_core
    printfb.o(i.__0sprintf$bare) refers to printfb.o(i._sputc) for _sputc
    printfb.o(i.__0vfprintf$bare) refers to printfb.o(i._printf_core) for _printf_core
    printfb.o(i.__0vfprintf$bare) refers to fputc_def.o(.text) for fputc
    printfb.o(i.__0vprintf$bare) refers to printfb.o(i._printf_core) for _printf_core
    printfb.o(i.__0vprintf$bare) refers to fputc_def.o(.text) for fputc
    printfb.o(i.__0vprintf$bare) refers to stdout.o(.data) for __stdout
    printfb.o(i.__0vsnprintf$bare) refers to printfb.o(i._printf_core) for _printf_core
    printfb.o(i.__0vsnprintf$bare) refers to printfb.o(i._snputc) for _snputc
    printfb.o(i.__0vsprintf$bare) refers to printfb.o(i._printf_core) for _printf_core
    printfb.o(i.__0vsprintf$bare) refers to printfb.o(i._sputc) for _sputc
    printf0.o(i.__0fprintf$0) refers to printf0.o(i._printf_core) for _printf_core
    printf0.o(i.__0fprintf$0) refers to fputc_def.o(.text) for fputc
    printf0.o(i.__0printf$0) refers to printf0.o(i._printf_core) for _printf_core
    printf0.o(i.__0printf$0) refers to fputc_def.o(.text) for fputc
    printf0.o(i.__0printf$0) refers to stdout.o(.data) for __stdout
    printf0.o(i.__0snprintf$0) refers to printf0.o(i._printf_core) for _printf_core
    printf0.o(i.__0snprintf$0) refers to printf0.o(i._snputc) for _snputc
    printf0.o(i.__0sprintf$0) refers to printf0.o(i._printf_core) for _printf_core
    printf0.o(i.__0sprintf$0) refers to printf0.o(i._sputc) for _sputc
    printf0.o(i.__0vfprintf$0) refers to printf0.o(i._printf_core) for _printf_core
    printf0.o(i.__0vfprintf$0) refers to fputc_def.o(.text) for fputc
    printf0.o(i.__0vprintf$0) refers to printf0.o(i._printf_core) for _printf_core
    printf0.o(i.__0vprintf$0) refers to fputc_def.o(.text) for fputc
    printf0.o(i.__0vprintf$0) refers to stdout.o(.data) for __stdout
    printf0.o(i.__0vsnprintf$0) refers to printf0.o(i._printf_core) for _printf_core
    printf0.o(i.__0vsnprintf$0) refers to printf0.o(i._snputc) for _snputc
    printf0.o(i.__0vsprintf$0) refers to printf0.o(i._printf_core) for _printf_core
    printf0.o(i.__0vsprintf$0) refers to printf0.o(i._sputc) for _sputc
    printf1.o(i.__0fprintf$1) refers to printf1.o(i._printf_core) for _printf_core
    printf1.o(i.__0fprintf$1) refers to fputc_def.o(.text) for fputc
    printf1.o(i.__0printf$1) refers to printf1.o(i._printf_core) for _printf_core
    printf1.o(i.__0printf$1) refers to fputc_def.o(.text) for fputc
    printf1.o(i.__0printf$1) refers to stdout.o(.data) for __stdout
    printf1.o(i.__0snprintf$1) refers to printf1.o(i._printf_core) for _printf_core
    printf1.o(i.__0snprintf$1) refers to printf1.o(i._snputc) for _snputc
    printf1.o(i.__0sprintf$1) refers to printf1.o(i._printf_core) for _printf_core
    printf1.o(i.__0sprintf$1) refers to printf1.o(i._sputc) for _sputc
    printf1.o(i.__0vfprintf$1) refers to printf1.o(i._printf_core) for _printf_core
    printf1.o(i.__0vfprintf$1) refers to fputc_def.o(.text) for fputc
    printf1.o(i.__0vprintf$1) refers to printf1.o(i._printf_core) for _printf_core
    printf1.o(i.__0vprintf$1) refers to fputc_def.o(.text) for fputc
    printf1.o(i.__0vprintf$1) refers to stdout.o(.data) for __stdout
    printf1.o(i.__0vsnprintf$1) refers to printf1.o(i._printf_core) for _printf_core
    printf1.o(i.__0vsnprintf$1) refers to printf1.o(i._snputc) for _snputc
    printf1.o(i.__0vsprintf$1) refers to printf1.o(i._printf_core) for _printf_core
    printf1.o(i.__0vsprintf$1) refers to printf1.o(i._sputc) for _sputc
    printf1.o(i._printf_core) refers to uidiv.o(.text) for __aeabi_uidivmod
    printf2.o(i.__0fprintf$2) refers to printf2.o(i._printf_core) for _printf_core
    printf2.o(i.__0fprintf$2) refers to fputc_def.o(.text) for fputc
    printf2.o(i.__0printf$2) refers to printf2.o(i._printf_core) for _printf_core
    printf2.o(i.__0printf$2) refers to fputc_def.o(.text) for fputc
    printf2.o(i.__0printf$2) refers to stdout.o(.data) for __stdout
    printf2.o(i.__0snprintf$2) refers to printf2.o(i._printf_core) for _printf_core
    printf2.o(i.__0snprintf$2) refers to printf2.o(i._snputc) for _snputc
    printf2.o(i.__0sprintf$2) refers to printf2.o(i._printf_core) for _printf_core
    printf2.o(i.__0sprintf$2) refers to printf2.o(i._sputc) for _sputc
    printf2.o(i.__0vfprintf$2) refers to printf2.o(i._printf_core) for _printf_core
    printf2.o(i.__0vfprintf$2) refers to fputc_def.o(.text) for fputc
    printf2.o(i.__0vprintf$2) refers to printf2.o(i._printf_core) for _printf_core
    printf2.o(i.__0vprintf$2) refers to fputc_def.o(.text) for fputc
    printf2.o(i.__0vprintf$2) refers to stdout.o(.data) for __stdout
    printf2.o(i.__0vsnprintf$2) refers to printf2.o(i._printf_core) for _printf_core
    printf2.o(i.__0vsnprintf$2) refers to printf2.o(i._snputc) for _snputc
    printf2.o(i.__0vsprintf$2) refers to printf2.o(i._printf_core) for _printf_core
    printf2.o(i.__0vsprintf$2) refers to printf2.o(i._sputc) for _sputc
    printf3.o(i.__0fprintf$3) refers to printf3.o(i._printf_core) for _printf_core
    printf3.o(i.__0fprintf$3) refers to fputc_def.o(.text) for fputc
    printf3.o(i.__0printf$3) refers to printf3.o(i._printf_core) for _printf_core
    printf3.o(i.__0printf$3) refers to fputc_def.o(.text) for fputc
    printf3.o(i.__0printf$3) refers to stdout.o(.data) for __stdout
    printf3.o(i.__0snprintf$3) refers to printf3.o(i._printf_core) for _printf_core
    printf3.o(i.__0snprintf$3) refers to printf3.o(i._snputc) for _snputc
    printf3.o(i.__0sprintf$3) refers to printf3.o(i._printf_core) for _printf_core
    printf3.o(i.__0sprintf$3) refers to printf3.o(i._sputc) for _sputc
    printf3.o(i.__0vfprintf$3) refers to printf3.o(i._printf_core) for _printf_core
    printf3.o(i.__0vfprintf$3) refers to fputc_def.o(.text) for fputc
    printf3.o(i.__0vprintf$3) refers to printf3.o(i._printf_core) for _printf_core
    printf3.o(i.__0vprintf$3) refers to fputc_def.o(.text) for fputc
    printf3.o(i.__0vprintf$3) refers to stdout.o(.data) for __stdout
    printf3.o(i.__0vsnprintf$3) refers to printf3.o(i._printf_core) for _printf_core
    printf3.o(i.__0vsnprintf$3) refers to printf3.o(i._snputc) for _snputc
    printf3.o(i.__0vsprintf$3) refers to printf3.o(i._printf_core) for _printf_core
    printf3.o(i.__0vsprintf$3) refers to printf3.o(i._sputc) for _sputc
    printf3.o(i._printf_core) refers to uidiv.o(.text) for __aeabi_uidivmod
    printf4.o(i.__0fprintf$4) refers to printf4.o(i._printf_core) for _printf_core
    printf4.o(i.__0fprintf$4) refers to fputc_def.o(.text) for fputc
    printf4.o(i.__0printf$4) refers to printf4.o(i._printf_core) for _printf_core
    printf4.o(i.__0printf$4) refers to fputc_def.o(.text) for fputc
    printf4.o(i.__0printf$4) refers to stdout.o(.data) for __stdout
    printf4.o(i.__0snprintf$4) refers to printf4.o(i._printf_core) for _printf_core
    printf4.o(i.__0snprintf$4) refers to printf4.o(i._snputc) for _snputc
    printf4.o(i.__0sprintf$4) refers to printf4.o(i._printf_core) for _printf_core
    printf4.o(i.__0sprintf$4) refers to printf4.o(i._sputc) for _sputc
    printf4.o(i.__0vfprintf$4) refers to printf4.o(i._printf_core) for _printf_core
    printf4.o(i.__0vfprintf$4) refers to fputc_def.o(.text) for fputc
    printf4.o(i.__0vprintf$4) refers to printf4.o(i._printf_core) for _printf_core
    printf4.o(i.__0vprintf$4) refers to fputc_def.o(.text) for fputc
    printf4.o(i.__0vprintf$4) refers to stdout.o(.data) for __stdout
    printf4.o(i.__0vsnprintf$4) refers to printf4.o(i._printf_core) for _printf_core
    printf4.o(i.__0vsnprintf$4) refers to printf4.o(i._snputc) for _snputc
    printf4.o(i.__0vsprintf$4) refers to printf4.o(i._printf_core) for _printf_core
    printf4.o(i.__0vsprintf$4) refers to printf4.o(i._sputc) for _sputc
    printf4.o(i._printf_core) refers to uldiv.o(.text) for __aeabi_uldivmod
    printf5.o(i.__0fprintf$5) refers to printf5.o(i._printf_core) for _printf_core
    printf5.o(i.__0fprintf$5) refers to fputc_def.o(.text) for fputc
    printf5.o(i.__0printf$5) refers to printf5.o(i._printf_core) for _printf_core
    printf5.o(i.__0printf$5) refers to fputc_def.o(.text) for fputc
    printf5.o(i.__0printf$5) refers to stdout.o(.data) for __stdout
    printf5.o(i.__0snprintf$5) refers to printf5.o(i._printf_core) for _printf_core
    printf5.o(i.__0snprintf$5) refers to printf5.o(i._snputc) for _snputc
    printf5.o(i.__0sprintf$5) refers to printf5.o(i._printf_core) for _printf_core
    printf5.o(i.__0sprintf$5) refers to printf5.o(i._sputc) for _sputc
    printf5.o(i.__0vfprintf$5) refers to printf5.o(i._printf_core) for _printf_core
    printf5.o(i.__0vfprintf$5) refers to fputc_def.o(.text) for fputc
    printf5.o(i.__0vprintf$5) refers to printf5.o(i._printf_core) for _printf_core
    printf5.o(i.__0vprintf$5) refers to fputc_def.o(.text) for fputc
    printf5.o(i.__0vprintf$5) refers to stdout.o(.data) for __stdout
    printf5.o(i.__0vsnprintf$5) refers to printf5.o(i._printf_core) for _printf_core
    printf5.o(i.__0vsnprintf$5) refers to printf5.o(i._snputc) for _snputc
    printf5.o(i.__0vsprintf$5) refers to printf5.o(i._printf_core) for _printf_core
    printf5.o(i.__0vsprintf$5) refers to printf5.o(i._sputc) for _sputc
    printf5.o(i._printf_core) refers to uldiv.o(.text) for __aeabi_uldivmod
    printf6.o(i.__0fprintf$6) refers to printf6.o(i._printf_core) for _printf_core
    printf6.o(i.__0fprintf$6) refers to fputc_def.o(.text) for fputc
    printf6.o(i.__0printf$6) refers to printf6.o(i._printf_core) for _printf_core
    printf6.o(i.__0printf$6) refers to fputc_def.o(.text) for fputc
    printf6.o(i.__0printf$6) refers to stdout.o(.data) for __stdout
    printf6.o(i.__0snprintf$6) refers to printf6.o(i._printf_core) for _printf_core
    printf6.o(i.__0snprintf$6) refers to printf6.o(i._snputc) for _snputc
    printf6.o(i.__0sprintf$6) refers to printf6.o(i._printf_core) for _printf_core
    printf6.o(i.__0sprintf$6) refers to printf6.o(i._sputc) for _sputc
    printf6.o(i.__0vfprintf$6) refers to printf6.o(i._printf_core) for _printf_core
    printf6.o(i.__0vfprintf$6) refers to fputc_def.o(.text) for fputc
    printf6.o(i.__0vprintf$6) refers to printf6.o(i._printf_core) for _printf_core
    printf6.o(i.__0vprintf$6) refers to fputc_def.o(.text) for fputc
    printf6.o(i.__0vprintf$6) refers to stdout.o(.data) for __stdout
    printf6.o(i.__0vsnprintf$6) refers to printf6.o(i._printf_core) for _printf_core
    printf6.o(i.__0vsnprintf$6) refers to printf6.o(i._snputc) for _snputc
    printf6.o(i.__0vsprintf$6) refers to printf6.o(i._printf_core) for _printf_core
    printf6.o(i.__0vsprintf$6) refers to printf6.o(i._sputc) for _sputc
    printf6.o(i._printf_core) refers to printf6.o(i._printf_pre_padding) for _printf_pre_padding
    printf6.o(i._printf_core) refers to uidiv.o(.text) for __aeabi_uidivmod
    printf6.o(i._printf_core) refers to printf6.o(i._printf_post_padding) for _printf_post_padding
    printf7.o(i.__0fprintf$7) refers to printf7.o(i._printf_core) for _printf_core
    printf7.o(i.__0fprintf$7) refers to fputc_def.o(.text) for fputc
    printf7.o(i.__0printf$7) refers to printf7.o(i._printf_core) for _printf_core
    printf7.o(i.__0printf$7) refers to fputc_def.o(.text) for fputc
    printf7.o(i.__0printf$7) refers to stdout.o(.data) for __stdout
    printf7.o(i.__0snprintf$7) refers to printf7.o(i._printf_core) for _printf_core
    printf7.o(i.__0snprintf$7) refers to printf7.o(i._snputc) for _snputc
    printf7.o(i.__0sprintf$7) refers to printf7.o(i._printf_core) for _printf_core
    printf7.o(i.__0sprintf$7) refers to printf7.o(i._sputc) for _sputc
    printf7.o(i.__0vfprintf$7) refers to printf7.o(i._printf_core) for _printf_core
    printf7.o(i.__0vfprintf$7) refers to fputc_def.o(.text) for fputc
    printf7.o(i.__0vprintf$7) refers to printf7.o(i._printf_core) for _printf_core
    printf7.o(i.__0vprintf$7) refers to fputc_def.o(.text) for fputc
    printf7.o(i.__0vprintf$7) refers to stdout.o(.data) for __stdout
    printf7.o(i.__0vsnprintf$7) refers to printf7.o(i._printf_core) for _printf_core
    printf7.o(i.__0vsnprintf$7) refers to printf7.o(i._snputc) for _snputc
    printf7.o(i.__0vsprintf$7) refers to printf7.o(i._printf_core) for _printf_core
    printf7.o(i.__0vsprintf$7) refers to printf7.o(i._sputc) for _sputc
    printf7.o(i._printf_core) refers to printf7.o(i._printf_pre_padding) for _printf_pre_padding
    printf7.o(i._printf_core) refers to uldiv.o(.text) for __aeabi_uldivmod
    printf7.o(i._printf_core) refers to printf7.o(i._printf_post_padding) for _printf_post_padding
    printf8.o(i.__0fprintf$8) refers to printf8.o(i._printf_core) for _printf_core
    printf8.o(i.__0fprintf$8) refers to fputc_def.o(.text) for fputc
    printf8.o(i.__0printf$8) refers to printf8.o(i._printf_core) for _printf_core
    printf8.o(i.__0printf$8) refers to fputc_def.o(.text) for fputc
    printf8.o(i.__0printf$8) refers to stdout.o(.data) for __stdout
    printf8.o(i.__0snprintf$8) refers to printf8.o(i._printf_core) for _printf_core
    printf8.o(i.__0snprintf$8) refers to printf8.o(i._snputc) for _snputc
    printf8.o(i.__0sprintf$8) refers to printf8.o(i._printf_core) for _printf_core
    printf8.o(i.__0sprintf$8) refers to printf8.o(i._sputc) for _sputc
    printf8.o(i.__0vfprintf$8) refers to printf8.o(i._printf_core) for _printf_core
    printf8.o(i.__0vfprintf$8) refers to fputc_def.o(.text) for fputc
    printf8.o(i.__0vprintf$8) refers to printf8.o(i._printf_core) for _printf_core
    printf8.o(i.__0vprintf$8) refers to fputc_def.o(.text) for fputc
    printf8.o(i.__0vprintf$8) refers to stdout.o(.data) for __stdout
    printf8.o(i.__0vsnprintf$8) refers to printf8.o(i._printf_core) for _printf_core
    printf8.o(i.__0vsnprintf$8) refers to printf8.o(i._snputc) for _snputc
    printf8.o(i.__0vsprintf$8) refers to printf8.o(i._printf_core) for _printf_core
    printf8.o(i.__0vsprintf$8) refers to printf8.o(i._sputc) for _sputc
    printf8.o(i._printf_core) refers to printf8.o(i._printf_pre_padding) for _printf_pre_padding
    printf8.o(i._printf_core) refers to uldiv.o(.text) for __aeabi_uldivmod
    printf8.o(i._printf_core) refers to printf8.o(i._printf_post_padding) for _printf_post_padding
    printfa.o(i.__0fprintf) refers (Special) to iusefp.o(.text) for __I$use$fp
    printfa.o(i.__0fprintf) refers to printfa.o(i._printf_core) for _printf_core
    printfa.o(i.__0fprintf) refers to fputc_def.o(.text) for fputc
    printfa.o(i.__0printf) refers (Special) to iusefp.o(.text) for __I$use$fp
    printfa.o(i.__0printf) refers to printfa.o(i._printf_core) for _printf_core
    printfa.o(i.__0printf) refers to fputc_def.o(.text) for fputc
    printfa.o(i.__0printf) refers to stdout.o(.data) for __stdout
    printfa.o(i.__0snprintf) refers (Special) to iusefp.o(.text) for __I$use$fp
    printfa.o(i.__0snprintf) refers to printfa.o(i._printf_core) for _printf_core
    printfa.o(i.__0snprintf) refers to printfa.o(i._snputc) for _snputc
    printfa.o(i.__0sprintf) refers (Special) to iusefp.o(.text) for __I$use$fp
    printfa.o(i.__0sprintf) refers to printfa.o(i._printf_core) for _printf_core
    printfa.o(i.__0sprintf) refers to printfa.o(i._sputc) for _sputc
    printfa.o(i.__0vfprintf) refers (Special) to iusefp.o(.text) for __I$use$fp
    printfa.o(i.__0vfprintf) refers to printfa.o(i._printf_core) for _printf_core
    printfa.o(i.__0vfprintf) refers to fputc_def.o(.text) for fputc
    printfa.o(i.__0vprintf) refers (Special) to iusefp.o(.text) for __I$use$fp
    printfa.o(i.__0vprintf) refers to printfa.o(i._printf_core) for _printf_core
    printfa.o(i.__0vprintf) refers to fputc_def.o(.text) for fputc
    printfa.o(i.__0vprintf) refers to stdout.o(.data) for __stdout
    printfa.o(i.__0vsnprintf) refers (Special) to iusefp.o(.text) for __I$use$fp
    printfa.o(i.__0vsnprintf) refers to printfa.o(i._printf_core) for _printf_core
    printfa.o(i.__0vsnprintf) refers to printfa.o(i._snputc) for _snputc
    printfa.o(i.__0vsprintf) refers (Special) to iusefp.o(.text) for __I$use$fp
    printfa.o(i.__0vsprintf) refers to printfa.o(i._printf_core) for _printf_core
    printfa.o(i.__0vsprintf) refers to printfa.o(i._sputc) for _sputc
    printfa.o(i._fp_digits) refers (Special) to iusefp.o(.text) for __I$use$fp
    printfa.o(i._fp_digits) refers to dmul.o(.text) for __aeabi_dmul
    printfa.o(i._fp_digits) refers to ddiv.o(.text) for __aeabi_ddiv
    printfa.o(i._fp_digits) refers to cdrcmple.o(.text) for __aeabi_cdrcmple
    printfa.o(i._fp_digits) refers to dadd.o(.text) for __aeabi_dadd
    printfa.o(i._fp_digits) refers to dfixul.o(.text) for __aeabi_d2ulz
    printfa.o(i._fp_digits) refers to uldiv.o(.text) for __aeabi_uldivmod
    printfa.o(i._printf_core) refers (Special) to iusefp.o(.text) for __I$use$fp
    printfa.o(i._printf_core) refers to printfa.o(i._printf_pre_padding) for _printf_pre_padding
    printfa.o(i._printf_core) refers to uldiv.o(.text) for __aeabi_uldivmod
    printfa.o(i._printf_core) refers to printfa.o(i._printf_post_padding) for _printf_post_padding
    printfa.o(i._printf_core) refers to printfa.o(i._fp_digits) for _fp_digits
    printfa.o(i._printf_core) refers to uidiv.o(.text) for __aeabi_uidivmod
    printfa.o(i._printf_post_padding) refers (Special) to iusefp.o(.text) for __I$use$fp
    printfa.o(i._printf_pre_padding) refers (Special) to iusefp.o(.text) for __I$use$fp
    printfa.o(i._snputc) refers (Special) to iusefp.o(.text) for __I$use$fp
    printfa.o(i._sputc) refers (Special) to iusefp.o(.text) for __I$use$fp
    dadd.o(.text) refers (Special) to iusefp.o(.text) for __I$use$fp
    dadd.o(.text) refers to llshl.o(.text) for __aeabi_llsl
    dadd.o(.text) refers to llsshr.o(.text) for __aeabi_lasr
    dadd.o(.text) refers to depilogue.o(.text) for _double_epilogue
    ddiv.o(.text) refers (Special) to iusefp.o(.text) for __I$use$fp
    ddiv.o(.text) refers to depilogue.o(.text) for _double_round
    dflti.o(.text) refers (Special) to iusefp.o(.text) for __I$use$fp
    dflti.o(.text) refers to depilogue.o(.text) for _double_epilogue
    dfltui.o(.text) refers (Special) to iusefp.o(.text) for __I$use$fp
    dfltui.o(.text) refers to depilogue.o(.text) for _double_epilogue
    dfixi.o(.text) refers (Special) to iusefp.o(.text) for __I$use$fp
    dfixi.o(.text) refers to llushr.o(.text) for __aeabi_llsr
    d2f.o(.text) refers (Special) to iusefp.o(.text) for __I$use$fp
    d2f.o(.text) refers to fepilogue.o(.text) for _float_round
    entry2.o(.ARM.Collect$$$$00000001) refers to entry2.o(.ARM.Collect$$$$00002712) for __lit__00000000
    entry2.o(.ARM.Collect$$$$00002712) refers to startup_stm32f40_41xxx.o(STACK) for __initial_sp
    entry2.o(__vectab_stack_and_reset_area) refers to startup_stm32f40_41xxx.o(STACK) for __initial_sp
    entry2.o(__vectab_stack_and_reset_area) refers to entry.o(.ARM.Collect$$$$00000000) for __main
    entry5.o(.ARM.Collect$$$$00000004) refers to init.o(.text) for __scatterload
    entry9a.o(.ARM.Collect$$$$0000000B) refers to main.o(.text) for main
    entry9b.o(.ARM.Collect$$$$0000000C) refers to main.o(.text) for main
    uldiv.o(.text) refers to llushr.o(.text) for __aeabi_llsr
    uldiv.o(.text) refers to llshl.o(.text) for __aeabi_llsl
    errno.o(i.__aeabi_errno_addr) refers to errno.o(.data) for .data
    errno.o(i.__read_errno) refers to errno.o(.data) for .data
    errno.o(i.__set_errno) refers to errno.o(.data) for .data
    depilogue.o(.text) refers to llshl.o(.text) for __aeabi_llsl
    depilogue.o(.text) refers to llushr.o(.text) for __aeabi_llsr
    dmul.o(.text) refers to depilogue.o(.text) for _double_epilogue
    dsqrt.o(.text) refers to llushr.o(.text) for __aeabi_llsr
    dsqrt.o(.text) refers to depilogue.o(.text) for _double_round
    dfixul.o(.text) refers to llushr.o(.text) for __aeabi_llsr
    dfixul.o(.text) refers to llshl.o(.text) for __aeabi_llsl
    init.o(.text) refers to entry5.o(.ARM.Collect$$$$00000004) for __main_after_scatterload


==============================================================================

Removing Unused input sections from the image.

    Removing fputc_def.o(.rev16_text), (4 bytes).
    Removing fputc_def.o(.revsh_text), (4 bytes).
    Removing main.o(.rev16_text), (4 bytes).
    Removing main.o(.revsh_text), (4 bytes).
    Removing tm_stm32f4_lis302dl_lis3dsh.o(.rev16_text), (4 bytes).
    Removing tm_stm32f4_lis302dl_lis3dsh.o(.revsh_text), (4 bytes).
    Removing tm_stm32f4_spi.o(.rev16_text), (4 bytes).
    Removing tm_stm32f4_spi.o(.revsh_text), (4 bytes).
    Removing accel.o(.rev16_text), (4 bytes).
    Removing accel.o(.revsh_text), (4 bytes).
    Removing codec.o(.rev16_text), (4 bytes).
    Removing codec.o(.revsh_text), (4 bytes).
    Removing playback.o(.rev16_text), (4 bytes).
    Removing playback.o(.revsh_text), (4 bytes).
    Removing speaker.o(.rev16_text), (4 bytes).
    Removing speaker.o(.revsh_text), (4 bytes).
    Removing system_stm32f4xx.o(.rev16_text), (4 bytes).
    Removing system_stm32f4xx.o(.revsh_text), (4 bytes).
    Removing startup_stm32f40_41xxx.o(HEAP), (12288 bytes).
    Removing misc.o(.rev16_text), (4 bytes).
    Removing misc.o(.revsh_text), (4 bytes).
    Removing misc.o(.text), (224 bytes).
    Removing stm32f4xx_exti.o(.rev16_text), (4 bytes).
    Removing stm32f4xx_exti.o(.revsh_text), (4 bytes).
    Removing stm32f4xx_exti.o(.text), (272 bytes).
    Removing stm32f4xx_gpio.o(.rev16_text), (4 bytes).
    Removing stm32f4xx_gpio.o(.revsh_text), (4 bytes).
    Removing stm32f4xx_rcc.o(.rev16_text), (4 bytes).
    Removing stm32f4xx_rcc.o(.revsh_text), (4 bytes).
    Removing stm32f4xx_syscfg.o(.rev16_text), (4 bytes).
    Removing stm32f4xx_syscfg.o(.revsh_text), (4 bytes).
    Removing stm32f4xx_syscfg.o(.text), (148 bytes).
    Removing stm32f4xx_adc.o(.rev16_text), (4 bytes).
    Removing stm32f4xx_adc.o(.revsh_text), (4 bytes).
    Removing stm32f4xx_adc.o(.text), (1124 bytes).
    Removing stm32f4xx_spi.o(.rev16_text), (4 bytes).
    Removing stm32f4xx_spi.o(.revsh_text), (4 bytes).
    Removing stm32f4xx_i2c.o(.rev16_text), (4 bytes).
    Removing stm32f4xx_i2c.o(.revsh_text), (4 bytes).
    Removing arm_sin_f32.o(.rev16_text), (4 bytes).
    Removing arm_sin_f32.o(.revsh_text), (4 bytes).
    Removing arm_common_tables.o(.rev16_text), (4 bytes).
    Removing arm_common_tables.o(.revsh_text), (4 bytes).
    Removing arm_common_tables.o(.constdata), (2048 bytes).
    Removing arm_common_tables.o(.constdata), (128 bytes).
    Removing arm_common_tables.o(.constdata), (256 bytes).
    Removing arm_common_tables.o(.constdata), (512 bytes).
    Removing arm_common_tables.o(.constdata), (1024 bytes).
    Removing arm_common_tables.o(.constdata), (2048 bytes).
    Removing arm_common_tables.o(.constdata), (4096 bytes).
    Removing arm_common_tables.o(.constdata), (8192 bytes).
    Removing arm_common_tables.o(.constdata), (16384 bytes).
    Removing arm_common_tables.o(.constdata), (32768 bytes).
    Removing arm_common_tables.o(.constdata), (24576 bytes).
    Removing arm_common_tables.o(.constdata), (12288 bytes).
    Removing arm_common_tables.o(.constdata), (128 bytes).
    Removing arm_common_tables.o(.constdata), (256 bytes).
    Removing arm_common_tables.o(.constdata), (40 bytes).
    Removing arm_common_tables.o(.constdata), (96 bytes).
    Removing arm_common_tables.o(.constdata), (112 bytes).
    Removing arm_common_tables.o(.constdata), (416 bytes).
    Removing arm_common_tables.o(.constdata), (880 bytes).
    Removing arm_common_tables.o(.constdata), (896 bytes).
    Removing arm_common_tables.o(.constdata), (3600 bytes).
    Removing arm_common_tables.o(.constdata), (7616 bytes).
    Removing arm_common_tables.o(.constdata), (8064 bytes).
    Removing arm_common_tables.o(.constdata), (128 bytes).
    Removing arm_common_tables.o(.constdata), (256 bytes).
    Removing arm_common_tables.o(.constdata), (512 bytes).
    Removing arm_common_tables.o(.constdata), (1024 bytes).
    Removing arm_common_tables.o(.constdata), (2048 bytes).
    Removing arm_common_tables.o(.constdata), (4096 bytes).
    Removing arm_common_tables.o(.constdata), (8192 bytes).
    Removing arm_common_tables.o(.constdata), (16384 bytes).
    Removing arm_common_tables.o(.constdata), (2052 bytes).
    Removing arm_common_tables.o(.constdata), (1026 bytes).
    Removing dmul.o(.text), (228 bytes).
    Removing dfixul.o(.text), (48 bytes).
    Removing cdcmple.o(.text), (40 bytes).
    Removing cdrcmple.o(.text), (40 bytes).

80 unused section(s) (total 176706 bytes) removed from the image.

==============================================================================

Image Symbol Table

    Local Symbols

    Symbol Name                              Value     Ov Type        Size  Object(Section)

    ../clib/microlib/division.c              0x00000000   Number         0  uldiv.o ABSOLUTE
    ../clib/microlib/division.c              0x00000000   Number         0  uidiv.o ABSOLUTE
    ../clib/microlib/errno.c                 0x00000000   Number         0  errno.o ABSOLUTE
    ../clib/microlib/init/entry.s            0x00000000   Number         0  entry7b.o ABSOLUTE
    ../clib/microlib/init/entry.s            0x00000000   Number         0  entry8a.o ABSOLUTE
    ../clib/microlib/init/entry.s            0x00000000   Number         0  entry11b.o ABSOLUTE
    ../clib/microlib/init/entry.s            0x00000000   Number         0  entry11a.o ABSOLUTE
    ../clib/microlib/init/entry.s            0x00000000   Number         0  entry10b.o ABSOLUTE
    ../clib/microlib/init/entry.s            0x00000000   Number         0  entry8b.o ABSOLUTE
    ../clib/microlib/init/entry.s            0x00000000   Number         0  entry10a.o ABSOLUTE
    ../clib/microlib/init/entry.s            0x00000000   Number         0  entry9b.o ABSOLUTE
    ../clib/microlib/init/entry.s            0x00000000   Number         0  entry9a.o ABSOLUTE
    ../clib/microlib/init/entry.s            0x00000000   Number         0  entry.o ABSOLUTE
    ../clib/microlib/init/entry.s            0x00000000   Number         0  entry2.o ABSOLUTE
    ../clib/microlib/init/entry.s            0x00000000   Number         0  entry5.o ABSOLUTE
    ../clib/microlib/init/entry.s            0x00000000   Number         0  entry7a.o ABSOLUTE
    ../clib/microlib/longlong.c              0x00000000   Number         0  llushr.o ABSOLUTE
    ../clib/microlib/longlong.c              0x00000000   Number         0  llsshr.o ABSOLUTE
    ../clib/microlib/longlong.c              0x00000000   Number         0  llshl.o ABSOLUTE
    ../clib/microlib/printf/printf.c         0x00000000   Number         0  printf2.o ABSOLUTE
    ../clib/microlib/printf/printf.c         0x00000000   Number         0  printf4.o ABSOLUTE
    ../clib/microlib/printf/printf.c         0x00000000   Number         0  printfa.o ABSOLUTE
    ../clib/microlib/printf/printf.c         0x00000000   Number         0  printf6.o ABSOLUTE
    ../clib/microlib/printf/printf.c         0x00000000   Number         0  printf3.o ABSOLUTE
    ../clib/microlib/printf/printf.c         0x00000000   Number         0  printfb.o ABSOLUTE
    ../clib/microlib/printf/printf.c         0x00000000   Number         0  printf0.o ABSOLUTE
    ../clib/microlib/printf/printf.c         0x00000000   Number         0  printf5.o ABSOLUTE
    ../clib/microlib/printf/printf.c         0x00000000   Number         0  printf1.o ABSOLUTE
    ../clib/microlib/printf/printf.c         0x00000000   Number         0  printf8.o ABSOLUTE
    ../clib/microlib/printf/printf.c         0x00000000   Number         0  printf7.o ABSOLUTE
    ../clib/microlib/printf/stubs.s          0x00000000   Number         0  stubs.o ABSOLUTE
    ../clib/microlib/stdio/streams.c         0x00000000   Number         0  stdout.o ABSOLUTE
    ../clib/microlib/stubs.s                 0x00000000   Number         0  iusefp.o ABSOLUTE
    ../fplib/microlib/d2f.c                  0x00000000   Number         0  d2f.o ABSOLUTE
    ../fplib/microlib/fpadd.c                0x00000000   Number         0  dadd.o ABSOLUTE
    ../fplib/microlib/fpdiv.c                0x00000000   Number         0  ddiv.o ABSOLUTE
    ../fplib/microlib/fpepilogue.c           0x00000000   Number         0  depilogue.o ABSOLUTE
    ../fplib/microlib/fpepilogue.c           0x00000000   Number         0  fepilogue.o ABSOLUTE
    ../fplib/microlib/fpfix.c                0x00000000   Number         0  dfixul.o ABSOLUTE
    ../fplib/microlib/fpfix.c                0x00000000   Number         0  dfixi.o ABSOLUTE
    ../fplib/microlib/fpflt.c                0x00000000   Number         0  dfltui.o ABSOLUTE
    ../fplib/microlib/fpflt.c                0x00000000   Number         0  dflti.o ABSOLUTE
    ../fplib/microlib/fpmul.c                0x00000000   Number         0  dmul.o ABSOLUTE
    ../fplib/microlib/fpsqrt.c               0x00000000   Number         0  dsqrt.o ABSOLUTE
    ../mathlib/sqrt.c                        0x00000000   Number         0  sqrt_full.o ABSOLUTE
    ../mathlib/sqrt.c                        0x00000000   Number         0  sqrt_full_x.o ABSOLUTE
    ..\CommonTables\arm_common_tables.c      0x00000000   Number         0  arm_common_tables.o ABSOLUTE
    ..\FastMathFunctions\arm_sin_f32.c       0x00000000   Number         0  arm_sin_f32.o ABSOLUTE
    ..\\CommonTables\\arm_common_tables.c    0x00000000   Number         0  arm_common_tables.o ABSOLUTE
    ..\\FastMathFunctions\\arm_sin_f32.c     0x00000000   Number         0  arm_sin_f32.o ABSOLUTE
    C:\Keil_v5\ARM\PACK\Keil\STM32F4xx_DFP\1.0.8\Device\StdPeriph_Driver\src\misc.c 0x00000000   Number         0  misc.o ABSOLUTE
    C:\Keil_v5\ARM\PACK\Keil\STM32F4xx_DFP\1.0.8\Device\StdPeriph_Driver\src\stm32f4xx_adc.c 0x00000000   Number         0  stm32f4xx_adc.o ABSOLUTE
    C:\Keil_v5\ARM\PACK\Keil\STM32F4xx_DFP\1.0.8\Device\StdPeriph_Driver\src\stm32f4xx_exti.c 0x00000000   Number         0  stm32f4xx_exti.o ABSOLUTE
    C:\Keil_v5\ARM\PACK\Keil\STM32F4xx_DFP\1.0.8\Device\StdPeriph_Driver\src\stm32f4xx_gpio.c 0x00000000   Number         0  stm32f4xx_gpio.o ABSOLUTE
    C:\Keil_v5\ARM\PACK\Keil\STM32F4xx_DFP\1.0.8\Device\StdPeriph_Driver\src\stm32f4xx_i2c.c 0x00000000   Number         0  stm32f4xx_i2c.o ABSOLUTE
    C:\Keil_v5\ARM\PACK\Keil\STM32F4xx_DFP\1.0.8\Device\StdPeriph_Driver\src\stm32f4xx_rcc.c 0x00000000   Number         0  stm32f4xx_rcc.o ABSOLUTE
    C:\Keil_v5\ARM\PACK\Keil\STM32F4xx_DFP\1.0.8\Device\StdPeriph_Driver\src\stm32f4xx_spi.c 0x00000000   Number         0  stm32f4xx_spi.o ABSOLUTE
    C:\Keil_v5\ARM\PACK\Keil\STM32F4xx_DFP\1.0.8\Device\StdPeriph_Driver\src\stm32f4xx_syscfg.c 0x00000000   Number         0  stm32f4xx_syscfg.o ABSOLUTE
    C:\\Keil_v5\\ARM\\PACK\\Keil\\STM32F4xx_DFP\\1.0.8\\Device\\StdPeriph_Driver\\src\\misc.c 0x00000000   Number         0  misc.o ABSOLUTE
    C:\\Keil_v5\\ARM\\PACK\\Keil\\STM32F4xx_DFP\\1.0.8\\Device\\StdPeriph_Driver\\src\\stm32f4xx_adc.c 0x00000000   Number         0  stm32f4xx_adc.o ABSOLUTE
    C:\\Keil_v5\\ARM\\PACK\\Keil\\STM32F4xx_DFP\\1.0.8\\Device\\StdPeriph_Driver\\src\\stm32f4xx_exti.c 0x00000000   Number         0  stm32f4xx_exti.o ABSOLUTE
    C:\\Keil_v5\\ARM\\PACK\\Keil\\STM32F4xx_DFP\\1.0.8\\Device\\StdPeriph_Driver\\src\\stm32f4xx_gpio.c 0x00000000   Number         0  stm32f4xx_gpio.o ABSOLUTE
    C:\\Keil_v5\\ARM\\PACK\\Keil\\STM32F4xx_DFP\\1.0.8\\Device\\StdPeriph_Driver\\src\\stm32f4xx_i2c.c 0x00000000   Number         0  stm32f4xx_i2c.o ABSOLUTE
    C:\\Keil_v5\\ARM\\PACK\\Keil\\STM32F4xx_DFP\\1.0.8\\Device\\StdPeriph_Driver\\src\\stm32f4xx_rcc.c 0x00000000   Number         0  stm32f4xx_rcc.o ABSOLUTE
    C:\\Keil_v5\\ARM\\PACK\\Keil\\STM32F4xx_DFP\\1.0.8\\Device\\StdPeriph_Driver\\src\\stm32f4xx_spi.c 0x00000000   Number         0  stm32f4xx_spi.o ABSOLUTE
    C:\\Keil_v5\\ARM\\PACK\\Keil\\STM32F4xx_DFP\\1.0.8\\Device\\StdPeriph_Driver\\src\\stm32f4xx_syscfg.c 0x00000000   Number         0  stm32f4xx_syscfg.o ABSOLUTE
    RTE\Device\STM32F407VG\startup_stm32f40_41xxx.s 0x00000000   Number         0  startup_stm32f40_41xxx.o ABSOLUTE
    RTE\Device\STM32F407VG\system_stm32f4xx.c 0x00000000   Number         0  system_stm32f4xx.o ABSOLUTE
    RTE\\Device\\STM32F407VG\\system_stm32f4xx.c 0x00000000   Number         0  system_stm32f4xx.o ABSOLUTE
    accel.c                                  0x00000000   Number         0  accel.o ABSOLUTE
    accel.c                                  0x00000000   Number         0  accel.o ABSOLUTE
    cdcmple.s                                0x00000000   Number         0  cdcmple.o ABSOLUTE
    cdrcmple.s                               0x00000000   Number         0  cdrcmple.o ABSOLUTE
    codec.c                                  0x00000000   Number         0  codec.o ABSOLUTE
    codec.c                                  0x00000000   Number         0  codec.o ABSOLUTE
    dc.s                                     0x00000000   Number         0  dc.o ABSOLUTE
    fputc_def.c                              0x00000000   Number         0  fputc_def.o ABSOLUTE
    fputc_def.c                              0x00000000   Number         0  fputc_def.o ABSOLUTE
    handlers.s                               0x00000000   Number         0  handlers.o ABSOLUTE
    init.s                                   0x00000000   Number         0  init.o ABSOLUTE
    main.c                                   0x00000000   Number         0  main.o ABSOLUTE
    main.c                                   0x00000000   Number         0  main.o ABSOLUTE
    playback.c                               0x00000000   Number         0  playback.o ABSOLUTE
    playback.c                               0x00000000   Number         0  playback.o ABSOLUTE
    speaker.c                                0x00000000   Number         0  speaker.o ABSOLUTE
    speaker.c                                0x00000000   Number         0  speaker.o ABSOLUTE
    tm_stm32f4_lis302dl_lis3dsh.c            0x00000000   Number         0  tm_stm32f4_lis302dl_lis3dsh.o ABSOLUTE
    tm_stm32f4_lis302dl_lis3dsh.c            0x00000000   Number         0  tm_stm32f4_lis302dl_lis3dsh.o ABSOLUTE
    tm_stm32f4_spi.c                         0x00000000   Number         0  tm_stm32f4_spi.o ABSOLUTE
    tm_stm32f4_spi.c                         0x00000000   Number         0  tm_stm32f4_spi.o ABSOLUTE
    RESET                                    0x08000000   Section      392  startup_stm32f40_41xxx.o(RESET)
    .ARM.Collect$$$$00000000                 0x08000188   Section        0  entry.o(.ARM.Collect$$$$00000000)
    .ARM.Collect$$$$00000001                 0x08000188   Section        4  entry2.o(.ARM.Collect$$$$00000001)
    .ARM.Collect$$$$00000004                 0x0800018c   Section        4  entry5.o(.ARM.Collect$$$$00000004)
    .ARM.Collect$$$$00000008                 0x08000190   Section        0  entry7b.o(.ARM.Collect$$$$00000008)
    .ARM.Collect$$$$0000000A                 0x08000190   Section        0  entry8b.o(.ARM.Collect$$$$0000000A)
    .ARM.Collect$$$$0000000B                 0x08000190   Section        8  entry9a.o(.ARM.Collect$$$$0000000B)
    .ARM.Collect$$$$0000000D                 0x08000198   Section        0  entry10a.o(.ARM.Collect$$$$0000000D)
    .ARM.Collect$$$$0000000F                 0x08000198   Section        0  entry11a.o(.ARM.Collect$$$$0000000F)
    .ARM.Collect$$$$00002712                 0x08000198   Section        4  entry2.o(.ARM.Collect$$$$00002712)
    __lit__00000000                          0x08000198   Data           4  entry2.o(.ARM.Collect$$$$00002712)
    .text                                    0x0800019c   Section        0  fputc_def.o(.text)
    .text                                    0x080001c0   Section        0  main.o(.text)
    .text                                    0x08000400   Section        0  tm_stm32f4_lis302dl_lis3dsh.o(.text)
    .text                                    0x080007f0   Section        0  tm_stm32f4_spi.o(.text)
    .text                                    0x08000e80   Section        0  accel.o(.text)
    .text                                    0x08000f6c   Section        0  codec.o(.text)
    .text                                    0x08001388   Section        0  playback.o(.text)
    .text                                    0x08001548   Section        0  speaker.o(.text)
    .text                                    0x08001594   Section        0  system_stm32f4xx.o(.text)
    SetSysClock                              0x08001595   Thumb Code   220  system_stm32f4xx.o(.text)
    .text                                    0x080017a4   Section       36  startup_stm32f40_41xxx.o(.text)
    $v0                                      0x080017a4   Number         0  startup_stm32f40_41xxx.o(.text)
    .text                                    0x080017c8   Section        0  stm32f4xx_gpio.o(.text)
    .text                                    0x08001a5c   Section        0  stm32f4xx_rcc.o(.text)
    .text                                    0x08002090   Section        0  stm32f4xx_spi.o(.text)
    .text                                    0x080024e0   Section        0  stm32f4xx_i2c.o(.text)
    .text                                    0x08002938   Section        0  arm_sin_f32.o(.text)
    .text                                    0x080029ac   Section        0  dadd.o(.text)
    .text                                    0x08002afa   Section        0  ddiv.o(.text)
    .text                                    0x08002bd8   Section        0  dflti.o(.text)
    .text                                    0x08002bfa   Section        0  dfltui.o(.text)
    .text                                    0x08002c14   Section        0  dfixi.o(.text)
    .text                                    0x08002c52   Section        0  d2f.o(.text)
    .text                                    0x08002c8a   Section        0  uidiv.o(.text)
    .text                                    0x08002cb6   Section        0  llshl.o(.text)
    .text                                    0x08002cd4   Section        0  llushr.o(.text)
    .text                                    0x08002cf4   Section        0  llsshr.o(.text)
    .text                                    0x08002d18   Section        0  iusefp.o(.text)
    .text                                    0x08002d18   Section        0  fepilogue.o(.text)
    .text                                    0x08002d86   Section        0  depilogue.o(.text)
    .text                                    0x08002e3c   Section        0  dsqrt.o(.text)
    .text                                    0x08002ee0   Section       36  init.o(.text)
    i.__0printf$1                            0x08002f04   Section        0  printf1.o(i.__0printf$1)
    i.__hardfp_sqrt                          0x08002f24   Section        0  sqrt_full.o(i.__hardfp_sqrt)
    i.__scatterload_copy                     0x08002f9e   Section       14  handlers.o(i.__scatterload_copy)
    i.__scatterload_null                     0x08002fac   Section        2  handlers.o(i.__scatterload_null)
    i.__scatterload_zeroinit                 0x08002fae   Section       14  handlers.o(i.__scatterload_zeroinit)
    i.__set_errno                            0x08002fbc   Section        0  errno.o(i.__set_errno)
    i._printf_core                           0x08002fc8   Section        0  printf1.o(i._printf_core)
    _printf_core                             0x08002fc9   Thumb Code   336  printf1.o(i._printf_core)
    .constdata                               0x0800311c   Section     2052  arm_common_tables.o(.constdata)
    .data                                    0x20000000   Section        4  main.o(.data)
    .data                                    0x20000004   Section        9  tm_stm32f4_lis302dl_lis3dsh.o(.data)
    initialized                              0x2000000c   Data           1  tm_stm32f4_lis302dl_lis3dsh.o(.data)
    .data                                    0x20000010   Section        4  playback.o(.data)
    frequency                                0x20000010   Data           4  playback.o(.data)
    .data                                    0x20000014   Section       20  system_stm32f4xx.o(.data)
    .data                                    0x20000028   Section       16  stm32f4xx_rcc.o(.data)
    APBAHBPrescTable                         0x20000028   Data          16  stm32f4xx_rcc.o(.data)
    .data                                    0x20000038   Section        4  stdout.o(.data)
    .data                                    0x2000003c   Section        4  errno.o(.data)
    _errno                                   0x2000003c   Data           4  errno.o(.data)
    STACK                                    0x20000040   Section     1024  startup_stm32f40_41xxx.o(STACK)

    Global Symbols

    Symbol Name                              Value     Ov Type        Size  Object(Section)

    BuildAttributes$$THM_ISAv4$E$P$D$K$B$S$7EM$VFPi3$EXTD16$VFPS$VFMA$PE$A:L22UL41UL21$X:L11$S22US41US21$IEEE1$IW$USESV6$~STKCKD$USESV7$~SHL$OTIME$ROPI$IEEEX$EBA8$MICROLIB$REQ8$PRES8$EABIv2 0x00000000   Number         0  anon$$obj.o ABSOLUTE
    __ARM_use_no_argv                        0x00000000   Number         0  main.o ABSOLUTE
    _printf_a                                0x00000000   Number         0  stubs.o ABSOLUTE
    _printf_c                                0x00000000   Number         0  stubs.o ABSOLUTE
    _printf_charcount                        0x00000000   Number         0  stubs.o ABSOLUTE
    _printf_d                                0x00000000   Number         0  stubs.o ABSOLUTE
    _printf_e                                0x00000000   Number         0  stubs.o ABSOLUTE
    _printf_f                                0x00000000   Number         0  stubs.o ABSOLUTE
    _printf_flags                            0x00000000   Number         0  stubs.o ABSOLUTE
    _printf_fp_dec                           0x00000000   Number         0  stubs.o ABSOLUTE
    _printf_fp_hex                           0x00000000   Number         0  stubs.o ABSOLUTE
    _printf_g                                0x00000000   Number         0  stubs.o ABSOLUTE
    _printf_i                                0x00000000   Number         0  stubs.o ABSOLUTE
    _printf_int_dec                          0x00000000   Number         0  stubs.o ABSOLUTE
    _printf_l                                0x00000000   Number         0  stubs.o ABSOLUTE
    _printf_lc                               0x00000000   Number         0  stubs.o ABSOLUTE
    _printf_ll                               0x00000000   Number         0  stubs.o ABSOLUTE
    _printf_lld                              0x00000000   Number         0  stubs.o ABSOLUTE
    _printf_lli                              0x00000000   Number         0  stubs.o ABSOLUTE
    _printf_llo                              0x00000000   Number         0  stubs.o ABSOLUTE
    _printf_llu                              0x00000000   Number         0  stubs.o ABSOLUTE
    _printf_llx                              0x00000000   Number         0  stubs.o ABSOLUTE
    _printf_longlong_dec                     0x00000000   Number         0  stubs.o ABSOLUTE
    _printf_longlong_hex                     0x00000000   Number         0  stubs.o ABSOLUTE
    _printf_longlong_oct                     0x00000000   Number         0  stubs.o ABSOLUTE
    _printf_ls                               0x00000000   Number         0  stubs.o ABSOLUTE
    _printf_mbtowc                           0x00000000   Number         0  stubs.o ABSOLUTE
    _printf_n                                0x00000000   Number         0  stubs.o ABSOLUTE
    _printf_o                                0x00000000   Number         0  stubs.o ABSOLUTE
    _printf_p                                0x00000000   Number         0  stubs.o ABSOLUTE
    _printf_percent                          0x00000000   Number         0  stubs.o ABSOLUTE
    _printf_pre_padding                      0x00000000   Number         0  stubs.o ABSOLUTE
    _printf_return_value                     0x00000000   Number         0  stubs.o ABSOLUTE
    _printf_s                                0x00000000   Number         0  stubs.o ABSOLUTE
    _printf_sizespec                         0x00000000   Number         0  stubs.o ABSOLUTE
    _printf_str                              0x00000000   Number         0  stubs.o ABSOLUTE
    _printf_truncate_signed                  0x00000000   Number         0  stubs.o ABSOLUTE
    _printf_truncate_unsigned                0x00000000   Number         0  stubs.o ABSOLUTE
    _printf_u                                0x00000000   Number         0  stubs.o ABSOLUTE
    _printf_wc                               0x00000000   Number         0  stubs.o ABSOLUTE
    _printf_wctomb                           0x00000000   Number         0  stubs.o ABSOLUTE
    _printf_widthprec                        0x00000000   Number         0  stubs.o ABSOLUTE
    _printf_x                                0x00000000   Number         0  stubs.o ABSOLUTE
    __cpp_initialize__aeabi_                  - Undefined Weak Reference
    __cxa_finalize                            - Undefined Weak Reference
    __decompress                              - Undefined Weak Reference
    _clock_init                               - Undefined Weak Reference
    _microlib_exit                            - Undefined Weak Reference
    __Vectors_Size                           0x00000188   Number         0  startup_stm32f40_41xxx.o ABSOLUTE
    __Vectors                                0x08000000   Data           4  startup_stm32f40_41xxx.o(RESET)
    __Vectors_End                            0x08000188   Data           0  startup_stm32f40_41xxx.o(RESET)
    __main                                   0x08000189   Thumb Code     0  entry.o(.ARM.Collect$$$$00000000)
    _main_stk                                0x08000189   Thumb Code     0  entry2.o(.ARM.Collect$$$$00000001)
    _main_scatterload                        0x0800018d   Thumb Code     0  entry5.o(.ARM.Collect$$$$00000004)
    __main_after_scatterload                 0x08000191   Thumb Code     0  entry5.o(.ARM.Collect$$$$00000004)
    _main_clock                              0x08000191   Thumb Code     0  entry7b.o(.ARM.Collect$$$$00000008)
    _main_cpp_init                           0x08000191   Thumb Code     0  entry8b.o(.ARM.Collect$$$$0000000A)
    _main_init                               0x08000191   Thumb Code     0  entry9a.o(.ARM.Collect$$$$0000000B)
    __rt_final_cpp                           0x08000199   Thumb Code     0  entry10a.o(.ARM.Collect$$$$0000000D)
    __rt_final_exit                          0x08000199   Thumb Code     0  entry11a.o(.ARM.Collect$$$$0000000F)
    fputc                                    0x0800019d   Thumb Code    30  fputc_def.o(.text)
    SysTick_Handler                          0x080001c1   Thumb Code    12  main.o(.text)
    InitSystick                              0x080001cd   Thumb Code    94  main.o(.text)
    main                                     0x0800022b   Thumb Code   390  main.o(.text)
    TM_LIS302DL_LIS3DSH_INT_ReadSPI          0x08000401   Thumb Code    60  tm_stm32f4_lis302dl_lis3dsh.o(.text)
    TM_LIS302DL_LIS3DSH_INT_InitPins         0x0800043d   Thumb Code    76  tm_stm32f4_lis302dl_lis3dsh.o(.text)
    TM_LIS302DL_LIS3DSH_INT_Delay            0x08000489   Thumb Code    14  tm_stm32f4_lis302dl_lis3dsh.o(.text)
    TM_LIS302DL_LIS3DSH_Detect               0x08000497   Thumb Code    56  tm_stm32f4_lis302dl_lis3dsh.o(.text)
    TM_LIS302DL_LIS3DSH_INT_WriteSPI         0x080004cf   Thumb Code    56  tm_stm32f4_lis302dl_lis3dsh.o(.text)
    TM_LIS302DL_LIS3DSH_INT_InitLIS3DSH      0x08000507   Thumb Code   176  tm_stm32f4_lis302dl_lis3dsh.o(.text)
    TM_LIS302DL_LIS3DSH_INT_InitLIS302DL     0x080005b7   Thumb Code   206  tm_stm32f4_lis302dl_lis3dsh.o(.text)
    TM_LIS302DL_LIS3DSH_Init                 0x08000685   Thumb Code    64  tm_stm32f4_lis302dl_lis3dsh.o(.text)
    TM_LIS3DSH_INT_ReadAxes                  0x080006c5   Thumb Code   206  tm_stm32f4_lis302dl_lis3dsh.o(.text)
    TM_LIS302DL_INT_ReadAxes                 0x08000793   Thumb Code     2  tm_stm32f4_lis302dl_lis3dsh.o(.text)
    TM_LIS302DL_LIS3DSH_ReadAxes             0x08000795   Thumb Code    44  tm_stm32f4_lis302dl_lis3dsh.o(.text)
    TM_SPI6_Init                             0x080007f1   Thumb Code   160  tm_stm32f4_spi.o(.text)
    TM_SPI5_Init                             0x08000891   Thumb Code   238  tm_stm32f4_spi.o(.text)
    TM_SPI4_Init                             0x0800097f   Thumb Code   218  tm_stm32f4_spi.o(.text)
    TM_SPI3_Init                             0x08000a59   Thumb Code   216  tm_stm32f4_spi.o(.text)
    TM_SPI2_Init                             0x08000b31   Thumb Code   342  tm_stm32f4_spi.o(.text)
    TM_SPI1_Init                             0x08000c87   Thumb Code   216  tm_stm32f4_spi.o(.text)
    TM_SPI_Init                              0x08000d5f   Thumb Code    90  tm_stm32f4_spi.o(.text)
    TM_SPI_Send                              0x08000db9   Thumb Code    56  tm_stm32f4_spi.o(.text)
    TM_SPI_SendMulti                         0x08000df1   Thumb Code    38  tm_stm32f4_spi.o(.text)
    TM_SPI_WriteMulti                        0x08000e17   Thumb Code    34  tm_stm32f4_spi.o(.text)
    TM_SPI_ReadMulti                         0x08000e39   Thumb Code    38  tm_stm32f4_spi.o(.text)
    get_magnitude                            0x08000e81   Thumb Code    68  accel.o(.text)
    get_computed_magnitude                   0x08000ec5   Thumb Code   102  accel.o(.text)
    convert_array_for_audio                  0x08000f2b   Thumb Code    62  accel.o(.text)
    codec_init                               0x08000f6d   Thumb Code   324  codec.o(.text)
    send_codec_ctrl                          0x080010b1   Thumb Code   130  codec.o(.text)
    read_codec_register                      0x08001133   Thumb Code   206  codec.o(.text)
    codec_ctrl_init                          0x08001201   Thumb Code   346  codec.o(.text)
    playSample                               0x08001389   Thumb Code   328  playback.o(.text)
    playArray                                0x080014d1   Thumb Code    62  playback.o(.text)
    init_speaker                             0x08001549   Thumb Code    28  speaker.o(.text)
    send_to_speaker                          0x08001565   Thumb Code    42  speaker.o(.text)
    SystemInit                               0x08001671   Thumb Code    88  system_stm32f4xx.o(.text)
    SystemCoreClockUpdate                    0x080016c9   Thumb Code   174  system_stm32f4xx.o(.text)
    Reset_Handler                            0x080017a5   Thumb Code     8  startup_stm32f40_41xxx.o(.text)
    NMI_Handler                              0x080017ad   Thumb Code     2  startup_stm32f40_41xxx.o(.text)
    HardFault_Handler                        0x080017af   Thumb Code     2  startup_stm32f40_41xxx.o(.text)
    MemManage_Handler                        0x080017b1   Thumb Code     2  startup_stm32f40_41xxx.o(.text)
    BusFault_Handler                         0x080017b3   Thumb Code     2  startup_stm32f40_41xxx.o(.text)
    UsageFault_Handler                       0x080017b5   Thumb Code     2  startup_stm32f40_41xxx.o(.text)
    SVC_Handler                              0x080017b7   Thumb Code     2  startup_stm32f40_41xxx.o(.text)
    DebugMon_Handler                         0x080017b9   Thumb Code     2  startup_stm32f40_41xxx.o(.text)
    PendSV_Handler                           0x080017bb   Thumb Code     2  startup_stm32f40_41xxx.o(.text)
    ADC_IRQHandler                           0x080017bf   Thumb Code     0  startup_stm32f40_41xxx.o(.text)
    CAN1_RX0_IRQHandler                      0x080017bf   Thumb Code     0  startup_stm32f40_41xxx.o(.text)
    CAN1_RX1_IRQHandler                      0x080017bf   Thumb Code     0  startup_stm32f40_41xxx.o(.text)
    CAN1_SCE_IRQHandler                      0x080017bf   Thumb Code     0  startup_stm32f40_41xxx.o(.text)
    CAN1_TX_IRQHandler                       0x080017bf   Thumb Code     0  startup_stm32f40_41xxx.o(.text)
    CAN2_RX0_IRQHandler                      0x080017bf   Thumb Code     0  startup_stm32f40_41xxx.o(.text)
    CAN2_RX1_IRQHandler                      0x080017bf   Thumb Code     0  startup_stm32f40_41xxx.o(.text)
    CAN2_SCE_IRQHandler                      0x080017bf   Thumb Code     0  startup_stm32f40_41xxx.o(.text)
    CAN2_TX_IRQHandler                       0x080017bf   Thumb Code     0  startup_stm32f40_41xxx.o(.text)
    CRYP_IRQHandler                          0x080017bf   Thumb Code     0  startup_stm32f40_41xxx.o(.text)
    DCMI_IRQHandler                          0x080017bf   Thumb Code     0  startup_stm32f40_41xxx.o(.text)
    DMA1_Stream0_IRQHandler                  0x080017bf   Thumb Code     0  startup_stm32f40_41xxx.o(.text)
    DMA1_Stream1_IRQHandler                  0x080017bf   Thumb Code     0  startup_stm32f40_41xxx.o(.text)
    DMA1_Stream2_IRQHandler                  0x080017bf   Thumb Code     0  startup_stm32f40_41xxx.o(.text)
    DMA1_Stream3_IRQHandler                  0x080017bf   Thumb Code     0  startup_stm32f40_41xxx.o(.text)
    DMA1_Stream4_IRQHandler                  0x080017bf   Thumb Code     0  startup_stm32f40_41xxx.o(.text)
    DMA1_Stream5_IRQHandler                  0x080017bf   Thumb Code     0  startup_stm32f40_41xxx.o(.text)
    DMA1_Stream6_IRQHandler                  0x080017bf   Thumb Code     0  startup_stm32f40_41xxx.o(.text)
    DMA1_Stream7_IRQHandler                  0x080017bf   Thumb Code     0  startup_stm32f40_41xxx.o(.text)
    DMA2_Stream0_IRQHandler                  0x080017bf   Thumb Code     0  startup_stm32f40_41xxx.o(.text)
    DMA2_Stream1_IRQHandler                  0x080017bf   Thumb Code     0  startup_stm32f40_41xxx.o(.text)
    DMA2_Stream2_IRQHandler                  0x080017bf   Thumb Code     0  startup_stm32f40_41xxx.o(.text)
    DMA2_Stream3_IRQHandler                  0x080017bf   Thumb Code     0  startup_stm32f40_41xxx.o(.text)
    DMA2_Stream4_IRQHandler                  0x080017bf   Thumb Code     0  startup_stm32f40_41xxx.o(.text)
    DMA2_Stream5_IRQHandler                  0x080017bf   Thumb Code     0  startup_stm32f40_41xxx.o(.text)
    DMA2_Stream6_IRQHandler                  0x080017bf   Thumb Code     0  startup_stm32f40_41xxx.o(.text)
    DMA2_Stream7_IRQHandler                  0x080017bf   Thumb Code     0  startup_stm32f40_41xxx.o(.text)
    ETH_IRQHandler                           0x080017bf   Thumb Code     0  startup_stm32f40_41xxx.o(.text)
    ETH_WKUP_IRQHandler                      0x080017bf   Thumb Code     0  startup_stm32f40_41xxx.o(.text)
    EXTI0_IRQHandler                         0x080017bf   Thumb Code     0  startup_stm32f40_41xxx.o(.text)
    EXTI15_10_IRQHandler                     0x080017bf   Thumb Code     0  startup_stm32f40_41xxx.o(.text)
    EXTI1_IRQHandler                         0x080017bf   Thumb Code     0  startup_stm32f40_41xxx.o(.text)
    EXTI2_IRQHandler                         0x080017bf   Thumb Code     0  startup_stm32f40_41xxx.o(.text)
    EXTI3_IRQHandler                         0x080017bf   Thumb Code     0  startup_stm32f40_41xxx.o(.text)
    EXTI4_IRQHandler                         0x080017bf   Thumb Code     0  startup_stm32f40_41xxx.o(.text)
    EXTI9_5_IRQHandler                       0x080017bf   Thumb Code     0  startup_stm32f40_41xxx.o(.text)
    FLASH_IRQHandler                         0x080017bf   Thumb Code     0  startup_stm32f40_41xxx.o(.text)
    FPU_IRQHandler                           0x080017bf   Thumb Code     0  startup_stm32f40_41xxx.o(.text)
    FSMC_IRQHandler                          0x080017bf   Thumb Code     0  startup_stm32f40_41xxx.o(.text)
    HASH_RNG_IRQHandler                      0x080017bf   Thumb Code     0  startup_stm32f40_41xxx.o(.text)
    I2C1_ER_IRQHandler                       0x080017bf   Thumb Code     0  startup_stm32f40_41xxx.o(.text)
    I2C1_EV_IRQHandler                       0x080017bf   Thumb Code     0  startup_stm32f40_41xxx.o(.text)
    I2C2_ER_IRQHandler                       0x080017bf   Thumb Code     0  startup_stm32f40_41xxx.o(.text)
    I2C2_EV_IRQHandler                       0x080017bf   Thumb Code     0  startup_stm32f40_41xxx.o(.text)
    I2C3_ER_IRQHandler                       0x080017bf   Thumb Code     0  startup_stm32f40_41xxx.o(.text)
    I2C3_EV_IRQHandler                       0x080017bf   Thumb Code     0  startup_stm32f40_41xxx.o(.text)
    OTG_FS_IRQHandler                        0x080017bf   Thumb Code     0  startup_stm32f40_41xxx.o(.text)
    OTG_FS_WKUP_IRQHandler                   0x080017bf   Thumb Code     0  startup_stm32f40_41xxx.o(.text)
    OTG_HS_EP1_IN_IRQHandler                 0x080017bf   Thumb Code     0  startup_stm32f40_41xxx.o(.text)
    OTG_HS_EP1_OUT_IRQHandler                0x080017bf   Thumb Code     0  startup_stm32f40_41xxx.o(.text)
    OTG_HS_IRQHandler                        0x080017bf   Thumb Code     0  startup_stm32f40_41xxx.o(.text)
    OTG_HS_WKUP_IRQHandler                   0x080017bf   Thumb Code     0  startup_stm32f40_41xxx.o(.text)
    PVD_IRQHandler                           0x080017bf   Thumb Code     0  startup_stm32f40_41xxx.o(.text)
    RCC_IRQHandler                           0x080017bf   Thumb Code     0  startup_stm32f40_41xxx.o(.text)
    RTC_Alarm_IRQHandler                     0x080017bf   Thumb Code     0  startup_stm32f40_41xxx.o(.text)
    RTC_WKUP_IRQHandler                      0x080017bf   Thumb Code     0  startup_stm32f40_41xxx.o(.text)
    SDIO_IRQHandler                          0x080017bf   Thumb Code     0  startup_stm32f40_41xxx.o(.text)
    SPI1_IRQHandler                          0x080017bf   Thumb Code     0  startup_stm32f40_41xxx.o(.text)
    SPI2_IRQHandler                          0x080017bf   Thumb Code     0  startup_stm32f40_41xxx.o(.text)
    SPI3_IRQHandler                          0x080017bf   Thumb Code     0  startup_stm32f40_41xxx.o(.text)
    TAMP_STAMP_IRQHandler                    0x080017bf   Thumb Code     0  startup_stm32f40_41xxx.o(.text)
    TIM1_BRK_TIM9_IRQHandler                 0x080017bf   Thumb Code     0  startup_stm32f40_41xxx.o(.text)
    TIM1_CC_IRQHandler                       0x080017bf   Thumb Code     0  startup_stm32f40_41xxx.o(.text)
    TIM1_TRG_COM_TIM11_IRQHandler            0x080017bf   Thumb Code     0  startup_stm32f40_41xxx.o(.text)
    TIM1_UP_TIM10_IRQHandler                 0x080017bf   Thumb Code     0  startup_stm32f40_41xxx.o(.text)
    TIM2_IRQHandler                          0x080017bf   Thumb Code     0  startup_stm32f40_41xxx.o(.text)
    TIM3_IRQHandler                          0x080017bf   Thumb Code     0  startup_stm32f40_41xxx.o(.text)
    TIM4_IRQHandler                          0x080017bf   Thumb Code     0  startup_stm32f40_41xxx.o(.text)
    TIM5_IRQHandler                          0x080017bf   Thumb Code     0  startup_stm32f40_41xxx.o(.text)
    TIM6_DAC_IRQHandler                      0x080017bf   Thumb Code     0  startup_stm32f40_41xxx.o(.text)
    TIM7_IRQHandler                          0x080017bf   Thumb Code     0  startup_stm32f40_41xxx.o(.text)
    TIM8_BRK_TIM12_IRQHandler                0x080017bf   Thumb Code     0  startup_stm32f40_41xxx.o(.text)
    TIM8_CC_IRQHandler                       0x080017bf   Thumb Code     0  startup_stm32f40_41xxx.o(.text)
    TIM8_TRG_COM_TIM14_IRQHandler            0x080017bf   Thumb Code     0  startup_stm32f40_41xxx.o(.text)
    TIM8_UP_TIM13_IRQHandler                 0x080017bf   Thumb Code     0  startup_stm32f40_41xxx.o(.text)
    UART4_IRQHandler                         0x080017bf   Thumb Code     0  startup_stm32f40_41xxx.o(.text)
    UART5_IRQHandler                         0x080017bf   Thumb Code     0  startup_stm32f40_41xxx.o(.text)
    USART1_IRQHandler                        0x080017bf   Thumb Code     0  startup_stm32f40_41xxx.o(.text)
    USART2_IRQHandler                        0x080017bf   Thumb Code     0  startup_stm32f40_41xxx.o(.text)
    USART3_IRQHandler                        0x080017bf   Thumb Code     0  startup_stm32f40_41xxx.o(.text)
    USART6_IRQHandler                        0x080017bf   Thumb Code     0  startup_stm32f40_41xxx.o(.text)
    WWDG_IRQHandler                          0x080017bf   Thumb Code     0  startup_stm32f40_41xxx.o(.text)
    GPIO_DeInit                              0x080017c9   Thumb Code   268  stm32f4xx_gpio.o(.text)
    GPIO_Init                                0x080018d5   Thumb Code   144  stm32f4xx_gpio.o(.text)
    GPIO_StructInit                          0x08001965   Thumb Code    18  stm32f4xx_gpio.o(.text)
    GPIO_PinLockConfig                       0x08001977   Thumb Code    34  stm32f4xx_gpio.o(.text)
    GPIO_ReadInputDataBit                    0x08001999   Thumb Code    18  stm32f4xx_gpio.o(.text)
    GPIO_ReadInputData                       0x080019ab   Thumb Code     8  stm32f4xx_gpio.o(.text)
    GPIO_ReadOutputDataBit                   0x080019b3   Thumb Code    18  stm32f4xx_gpio.o(.text)
    GPIO_ReadOutputData                      0x080019c5   Thumb Code     8  stm32f4xx_gpio.o(.text)
    GPIO_SetBits                             0x080019cd   Thumb Code     4  stm32f4xx_gpio.o(.text)
    GPIO_ResetBits                           0x080019d1   Thumb Code     4  stm32f4xx_gpio.o(.text)
    GPIO_WriteBit                            0x080019d5   Thumb Code    10  stm32f4xx_gpio.o(.text)
    GPIO_Write                               0x080019df   Thumb Code     4  stm32f4xx_gpio.o(.text)
    GPIO_ToggleBits                          0x080019e3   Thumb Code     8  stm32f4xx_gpio.o(.text)
    GPIO_PinAFConfig                         0x080019eb   Thumb Code    70  stm32f4xx_gpio.o(.text)
    RCC_DeInit                               0x08001a5d   Thumb Code    82  stm32f4xx_rcc.o(.text)
    RCC_HSEConfig                            0x08001aaf   Thumb Code    14  stm32f4xx_rcc.o(.text)
    RCC_GetFlagStatus                        0x08001abd   Thumb Code    60  stm32f4xx_rcc.o(.text)
    RCC_WaitForHSEStartUp                    0x08001af9   Thumb Code    56  stm32f4xx_rcc.o(.text)
    RCC_AdjustHSICalibrationValue            0x08001b31   Thumb Code    20  stm32f4xx_rcc.o(.text)
    RCC_HSICmd                               0x08001b45   Thumb Code     6  stm32f4xx_rcc.o(.text)
    RCC_LSEConfig                            0x08001b4b   Thumb Code    46  stm32f4xx_rcc.o(.text)
    RCC_LSICmd                               0x08001b79   Thumb Code     6  stm32f4xx_rcc.o(.text)
    RCC_PLLConfig                            0x08001b7f   Thumb Code    32  stm32f4xx_rcc.o(.text)
    RCC_PLLCmd                               0x08001b9f   Thumb Code     6  stm32f4xx_rcc.o(.text)
    RCC_PLLI2SConfig                         0x08001ba5   Thumb Code    14  stm32f4xx_rcc.o(.text)
    RCC_PLLI2SCmd                            0x08001bb3   Thumb Code     6  stm32f4xx_rcc.o(.text)
    RCC_PLLSAIConfig                         0x08001bb9   Thumb Code    20  stm32f4xx_rcc.o(.text)
    RCC_PLLSAICmd                            0x08001bcd   Thumb Code     6  stm32f4xx_rcc.o(.text)
    RCC_ClockSecuritySystemCmd               0x08001bd3   Thumb Code     6  stm32f4xx_rcc.o(.text)
    RCC_MCO1Config                           0x08001bd9   Thumb Code    28  stm32f4xx_rcc.o(.text)
    RCC_MCO2Config                           0x08001bf5   Thumb Code    28  stm32f4xx_rcc.o(.text)
    RCC_SYSCLKConfig                         0x08001c11   Thumb Code    20  stm32f4xx_rcc.o(.text)
    RCC_GetSYSCLKSource                      0x08001c25   Thumb Code    12  stm32f4xx_rcc.o(.text)
    RCC_HCLKConfig                           0x08001c31   Thumb Code    20  stm32f4xx_rcc.o(.text)
    RCC_PCLK1Config                          0x08001c45   Thumb Code    20  stm32f4xx_rcc.o(.text)
    RCC_PCLK2Config                          0x08001c59   Thumb Code    22  stm32f4xx_rcc.o(.text)
    RCC_GetClocksFreq                        0x08001c6f   Thumb Code   222  stm32f4xx_rcc.o(.text)
    RCC_RTCCLKConfig                         0x08001d4d   Thumb Code    54  stm32f4xx_rcc.o(.text)
    RCC_RTCCLKCmd                            0x08001d83   Thumb Code     8  stm32f4xx_rcc.o(.text)
    RCC_BackupResetCmd                       0x08001d8b   Thumb Code     8  stm32f4xx_rcc.o(.text)
    RCC_I2SCLKConfig                         0x08001d93   Thumb Code     6  stm32f4xx_rcc.o(.text)
    RCC_SAIPLLI2SClkDivConfig                0x08001d99   Thumb Code    26  stm32f4xx_rcc.o(.text)
    RCC_SAIPLLSAIClkDivConfig                0x08001db3   Thumb Code    28  stm32f4xx_rcc.o(.text)
    RCC_SAIBlockACLKConfig                   0x08001dcf   Thumb Code    20  stm32f4xx_rcc.o(.text)
    RCC_SAIBlockBCLKConfig                   0x08001de3   Thumb Code    20  stm32f4xx_rcc.o(.text)
    RCC_LTDCCLKDivConfig                     0x08001df7   Thumb Code    20  stm32f4xx_rcc.o(.text)
    RCC_TIMCLKPresConfig                     0x08001e0b   Thumb Code     6  stm32f4xx_rcc.o(.text)
    RCC_AHB1PeriphClockCmd                   0x08001e11   Thumb Code    34  stm32f4xx_rcc.o(.text)
    RCC_AHB2PeriphClockCmd                   0x08001e33   Thumb Code    78  stm32f4xx_rcc.o(.text)
    RCC_AHB3PeriphClockCmd                   0x08001e81   Thumb Code    34  stm32f4xx_rcc.o(.text)
    RCC_APB1PeriphClockCmd                   0x08001ea3   Thumb Code    34  stm32f4xx_rcc.o(.text)
    RCC_APB2PeriphClockCmd                   0x08001ec5   Thumb Code    34  stm32f4xx_rcc.o(.text)
    RCC_AHB1PeriphResetCmd                   0x08001ee7   Thumb Code    34  stm32f4xx_rcc.o(.text)
    RCC_AHB2PeriphResetCmd                   0x08001f09   Thumb Code    34  stm32f4xx_rcc.o(.text)
    RCC_AHB3PeriphResetCmd                   0x08001f2b   Thumb Code    34  stm32f4xx_rcc.o(.text)
    RCC_APB1PeriphResetCmd                   0x08001f4d   Thumb Code    34  stm32f4xx_rcc.o(.text)
    RCC_APB2PeriphResetCmd                   0x08001f6f   Thumb Code    34  stm32f4xx_rcc.o(.text)
    RCC_AHB1PeriphClockLPModeCmd             0x08001f91   Thumb Code    34  stm32f4xx_rcc.o(.text)
    RCC_AHB2PeriphClockLPModeCmd             0x08001fb3   Thumb Code    34  stm32f4xx_rcc.o(.text)
    RCC_AHB3PeriphClockLPModeCmd             0x08001fd5   Thumb Code    34  stm32f4xx_rcc.o(.text)
    RCC_APB1PeriphClockLPModeCmd             0x08001ff7   Thumb Code    34  stm32f4xx_rcc.o(.text)
    RCC_APB2PeriphClockLPModeCmd             0x08002019   Thumb Code    34  stm32f4xx_rcc.o(.text)
    RCC_ITConfig                             0x0800203b   Thumb Code    34  stm32f4xx_rcc.o(.text)
    RCC_ClearFlag                            0x0800205d   Thumb Code    18  stm32f4xx_rcc.o(.text)
    RCC_GetITStatus                          0x0800206f   Thumb Code    22  stm32f4xx_rcc.o(.text)
    RCC_ClearITPendingBit                    0x08002085   Thumb Code     8  stm32f4xx_rcc.o(.text)
    SPI_I2S_DeInit                           0x08002091   Thumb Code   152  stm32f4xx_spi.o(.text)
    SPI_Init                                 0x08002129   Thumb Code    60  stm32f4xx_spi.o(.text)
    I2S_Init                                 0x08002165   Thumb Code   350  stm32f4xx_spi.o(.text)
    SPI_StructInit                           0x080022c3   Thumb Code    24  stm32f4xx_spi.o(.text)
    I2S_StructInit                           0x080022db   Thumb Code    20  stm32f4xx_spi.o(.text)
    SPI_Cmd                                  0x080022ef   Thumb Code    24  stm32f4xx_spi.o(.text)
    I2S_Cmd                                  0x08002307   Thumb Code    24  stm32f4xx_spi.o(.text)
    SPI_DataSizeConfig                       0x0800231f   Thumb Code    18  stm32f4xx_spi.o(.text)
    SPI_BiDirectionalLineConfig              0x08002331   Thumb Code    28  stm32f4xx_spi.o(.text)
    SPI_NSSInternalSoftwareConfig            0x0800234d   Thumb Code    30  stm32f4xx_spi.o(.text)
    SPI_SSOutputCmd                          0x0800236b   Thumb Code    24  stm32f4xx_spi.o(.text)
    SPI_TIModeCmd                            0x08002383   Thumb Code    24  stm32f4xx_spi.o(.text)
    I2S_FullDuplexConfig                     0x0800239b   Thumb Code    80  stm32f4xx_spi.o(.text)
    SPI_I2S_ReceiveData                      0x080023eb   Thumb Code     6  stm32f4xx_spi.o(.text)
    SPI_I2S_SendData                         0x080023f1   Thumb Code     4  stm32f4xx_spi.o(.text)
    SPI_CalculateCRC                         0x080023f5   Thumb Code    24  stm32f4xx_spi.o(.text)
    SPI_TransmitCRC                          0x0800240d   Thumb Code    10  stm32f4xx_spi.o(.text)
    SPI_GetCRC                               0x08002417   Thumb Code    16  stm32f4xx_spi.o(.text)
    SPI_GetCRCPolynomial                     0x08002427   Thumb Code     6  stm32f4xx_spi.o(.text)
    SPI_I2S_DMACmd                           0x0800242d   Thumb Code    18  stm32f4xx_spi.o(.text)
    SPI_I2S_ITConfig                         0x0800243f   Thumb Code    32  stm32f4xx_spi.o(.text)
    SPI_I2S_GetFlagStatus                    0x0800245f   Thumb Code    50  stm32f4xx_spi.o(.text)
    SPI_I2S_ClearFlag                        0x08002491   Thumb Code     6  stm32f4xx_spi.o(.text)
    SPI_I2S_GetITStatus                      0x08002497   Thumb Code    52  stm32f4xx_spi.o(.text)
    SPI_I2S_ClearITPendingBit                0x080024cb   Thumb Code    20  stm32f4xx_spi.o(.text)
    I2C_DeInit                               0x080024e1   Thumb Code    82  stm32f4xx_i2c.o(.text)
    I2C_Init                                 0x08002533   Thumb Code   218  stm32f4xx_i2c.o(.text)
    I2C_StructInit                           0x0800260d   Thumb Code    30  stm32f4xx_i2c.o(.text)
    I2C_Cmd                                  0x0800262b   Thumb Code    24  stm32f4xx_i2c.o(.text)
    I2C_AnalogFilterCmd                      0x08002643   Thumb Code    24  stm32f4xx_i2c.o(.text)
    I2C_DigitalFilterConfig                  0x0800265b   Thumb Code    22  stm32f4xx_i2c.o(.text)
    I2C_GenerateSTART                        0x08002671   Thumb Code    24  stm32f4xx_i2c.o(.text)
    I2C_GenerateSTOP                         0x08002689   Thumb Code    24  stm32f4xx_i2c.o(.text)
    I2C_Send7bitAddress                      0x080026a1   Thumb Code    16  stm32f4xx_i2c.o(.text)
    I2C_AcknowledgeConfig                    0x080026b1   Thumb Code    24  stm32f4xx_i2c.o(.text)
    I2C_OwnAddress2Config                    0x080026c9   Thumb Code    22  stm32f4xx_i2c.o(.text)
    I2C_DualAddressCmd                       0x080026df   Thumb Code    24  stm32f4xx_i2c.o(.text)
    I2C_GeneralCallCmd                       0x080026f7   Thumb Code    24  stm32f4xx_i2c.o(.text)
    I2C_SoftwareResetCmd                     0x0800270f   Thumb Code    22  stm32f4xx_i2c.o(.text)
    I2C_StretchClockCmd                      0x08002725   Thumb Code    24  stm32f4xx_i2c.o(.text)
    I2C_FastModeDutyCycleConfig              0x0800273d   Thumb Code    28  stm32f4xx_i2c.o(.text)
    I2C_NACKPositionConfig                   0x08002759   Thumb Code    28  stm32f4xx_i2c.o(.text)
    I2C_SMBusAlertConfig                     0x08002775   Thumb Code    28  stm32f4xx_i2c.o(.text)
    I2C_ARPCmd                               0x08002791   Thumb Code    24  stm32f4xx_i2c.o(.text)
    I2C_SendData                             0x080027a9   Thumb Code     4  stm32f4xx_i2c.o(.text)
    I2C_ReceiveData                          0x080027ad   Thumb Code     8  stm32f4xx_i2c.o(.text)
    I2C_TransmitPEC                          0x080027b5   Thumb Code    24  stm32f4xx_i2c.o(.text)
    I2C_PECPositionConfig                    0x080027cd   Thumb Code    28  stm32f4xx_i2c.o(.text)
    I2C_CalculatePEC                         0x080027e9   Thumb Code    24  stm32f4xx_i2c.o(.text)
    I2C_GetPEC                               0x08002801   Thumb Code     8  stm32f4xx_i2c.o(.text)
    I2C_DMACmd                               0x08002809   Thumb Code    24  stm32f4xx_i2c.o(.text)
    I2C_DMALastTransferCmd                   0x08002821   Thumb Code    24  stm32f4xx_i2c.o(.text)
    I2C_ReadRegister                         0x08002839   Thumb Code    22  stm32f4xx_i2c.o(.text)
    I2C_ITConfig                             0x0800284f   Thumb Code    18  stm32f4xx_i2c.o(.text)
    I2C_CheckEvent                           0x08002861   Thumb Code    42  stm32f4xx_i2c.o(.text)
    I2C_GetLastEvent                         0x0800288b   Thumb Code    26  stm32f4xx_i2c.o(.text)
    I2C_GetFlagStatus                        0x080028a5   Thumb Code    84  stm32f4xx_i2c.o(.text)
    I2C_ClearFlag                            0x080028f9   Thumb Code    12  stm32f4xx_i2c.o(.text)
    I2C_GetITStatus                          0x08002905   Thumb Code    38  stm32f4xx_i2c.o(.text)
    I2C_ClearITPendingBit                    0x0800292b   Thumb Code    12  stm32f4xx_i2c.o(.text)
    arm_sin_f32                              0x08002939   Thumb Code   104  arm_sin_f32.o(.text)
    __aeabi_dadd                             0x080029ad   Thumb Code   322  dadd.o(.text)
    __aeabi_dsub                             0x08002aef   Thumb Code     6  dadd.o(.text)
    __aeabi_drsub                            0x08002af5   Thumb Code     6  dadd.o(.text)
    __aeabi_ddiv                             0x08002afb   Thumb Code   222  ddiv.o(.text)
    __aeabi_i2d                              0x08002bd9   Thumb Code    34  dflti.o(.text)
    __aeabi_ui2d                             0x08002bfb   Thumb Code    26  dfltui.o(.text)
    __aeabi_d2iz                             0x08002c15   Thumb Code    62  dfixi.o(.text)
    __aeabi_d2f                              0x08002c53   Thumb Code    56  d2f.o(.text)
    __aeabi_uidiv                            0x08002c8b   Thumb Code     0  uidiv.o(.text)
    __aeabi_uidivmod                         0x08002c8b   Thumb Code    44  uidiv.o(.text)
    __aeabi_llsl                             0x08002cb7   Thumb Code    30  llshl.o(.text)
    _ll_shift_l                              0x08002cb7   Thumb Code     0  llshl.o(.text)
    __aeabi_llsr                             0x08002cd5   Thumb Code    32  llushr.o(.text)
    _ll_ushift_r                             0x08002cd5   Thumb Code     0  llushr.o(.text)
    __aeabi_lasr                             0x08002cf5   Thumb Code    36  llsshr.o(.text)
    _ll_sshift_r                             0x08002cf5   Thumb Code     0  llsshr.o(.text)
    __I$use$fp                               0x08002d19   Thumb Code     0  iusefp.o(.text)
    _float_round                             0x08002d19   Thumb Code    18  fepilogue.o(.text)
    _float_epilogue                          0x08002d2b   Thumb Code    92  fepilogue.o(.text)
    _double_round                            0x08002d87   Thumb Code    26  depilogue.o(.text)
    _double_epilogue                         0x08002da1   Thumb Code   156  depilogue.o(.text)
    _dsqrt                                   0x08002e3d   Thumb Code   162  dsqrt.o(.text)
    __scatterload                            0x08002ee1   Thumb Code    28  init.o(.text)
    __scatterload_rt2                        0x08002ee1   Thumb Code     0  init.o(.text)
    __0printf$1                              0x08002f05   Thumb Code    22  printf1.o(i.__0printf$1)
    __1printf$1                              0x08002f05   Thumb Code     0  printf1.o(i.__0printf$1)
    __2printf                                0x08002f05   Thumb Code     0  printf1.o(i.__0printf$1)
    __hardfp_sqrt                            0x08002f25   Thumb Code   122  sqrt_full.o(i.__hardfp_sqrt)
    __scatterload_copy                       0x08002f9f   Thumb Code    14  handlers.o(i.__scatterload_copy)
    __scatterload_null                       0x08002fad   Thumb Code     2  handlers.o(i.__scatterload_null)
    __scatterload_zeroinit                   0x08002faf   Thumb Code    14  handlers.o(i.__scatterload_zeroinit)
    __set_errno                              0x08002fbd   Thumb Code     6  errno.o(i.__set_errno)
    sinTable_f32                             0x0800311c   Data        2052  arm_common_tables.o(.constdata)
    Region$$Table$$Base                      0x08003920   Number         0  anon$$obj.o(Region$$Table)
    Region$$Table$$Limit                     0x08003940   Number         0  anon$$obj.o(Region$$Table)
    msTicks                                  0x20000000   Data           4  main.o(.data)
    TM_LIS302DL_LIS3DSH_INT_Device           0x20000004   Data           1  tm_stm32f4_lis302dl_lis3dsh.o(.data)
    TM_LIS3DSH_INT_Sensitivity               0x20000008   Data           4  tm_stm32f4_lis302dl_lis3dsh.o(.data)
    SystemCoreClock                          0x20000014   Data           4  system_stm32f4xx.o(.data)
    AHBPrescTable                            0x20000018   Data          16  system_stm32f4xx.o(.data)
    __stdout                                 0x20000038   Data           4  stdout.o(.data)
    __initial_sp                             0x20000440   Data           0  startup_stm32f40_41xxx.o(STACK)



==============================================================================

Memory Map of the image

  Image Entry point : 0x08000189

  Load Region LR_IROM1 (Base: 0x08000000, Size: 0x00003980, Max: 0x00100000, ABSOLUTE)

    Execution Region ER_IROM1 (Base: 0x08000000, Size: 0x00003940, Max: 0x00100000, ABSOLUTE)

    Base Addr    Size         Type   Attr      Idx    E Section Name        Object

    0x08000000   0x00000188   Data   RO          321    RESET               startup_stm32f40_41xxx.o
    0x08000188   0x00000000   Code   RO          603  * .ARM.Collect$$$$00000000  mc_w.l(entry.o)
    0x08000188   0x00000004   Code   RO          879    .ARM.Collect$$$$00000001  mc_w.l(entry2.o)
    0x0800018c   0x00000004   Code   RO          882    .ARM.Collect$$$$00000004  mc_w.l(entry5.o)
    0x08000190   0x00000000   Code   RO          884    .ARM.Collect$$$$00000008  mc_w.l(entry7b.o)
    0x08000190   0x00000000   Code   RO          886    .ARM.Collect$$$$0000000A  mc_w.l(entry8b.o)
    0x08000190   0x00000008   Code   RO          887    .ARM.Collect$$$$0000000B  mc_w.l(entry9a.o)
    0x08000198   0x00000000   Code   RO          889    .ARM.Collect$$$$0000000D  mc_w.l(entry10a.o)
    0x08000198   0x00000000   Code   RO          891    .ARM.Collect$$$$0000000F  mc_w.l(entry11a.o)
    0x08000198   0x00000004   Code   RO          880    .ARM.Collect$$$$00002712  mc_w.l(entry2.o)
    0x0800019c   0x00000024   Code   RO            3    .text               fputc_def.o
    0x080001c0   0x00000240   Code   RO           83    .text               main.o
    0x08000400   0x000003f0   Code   RO          143    .text               tm_stm32f4_lis302dl_lis3dsh.o
    0x080007f0   0x00000690   Code   RO          170    .text               tm_stm32f4_spi.o
    0x08000e80   0x000000ec   Code   RO          190    .text               accel.o
    0x08000f6c   0x0000041c   Code   RO          217    .text               codec.o
    0x08001388   0x000001c0   Code   RO          240    .text               playback.o
    0x08001548   0x0000004c   Code   RO          275    .text               speaker.o
    0x08001594   0x00000210   Code   RO          295    .text               system_stm32f4xx.o
    0x080017a4   0x00000024   Code   RO          322    .text               startup_stm32f40_41xxx.o
    0x080017c8   0x00000294   Code   RO          368    .text               stm32f4xx_gpio.o
    0x08001a5c   0x00000634   Code   RO          388    .text               stm32f4xx_rcc.o
    0x08002090   0x0000044e   Code   RO          450    .text               stm32f4xx_spi.o
    0x080024de   0x00000002   PAD
    0x080024e0   0x00000456   Code   RO          470    .text               stm32f4xx_i2c.o
    0x08002936   0x00000002   PAD
    0x08002938   0x00000074   Code   RO          490    .text               arm_cortexM4lf_math.lib(arm_sin_f32.o)
    0x080029ac   0x0000014e   Code   RO          867    .text               mf_w.l(dadd.o)
    0x08002afa   0x000000de   Code   RO          869    .text               mf_w.l(ddiv.o)
    0x08002bd8   0x00000022   Code   RO          871    .text               mf_w.l(dflti.o)
    0x08002bfa   0x0000001a   Code   RO          873    .text               mf_w.l(dfltui.o)
    0x08002c14   0x0000003e   Code   RO          875    .text               mf_w.l(dfixi.o)
    0x08002c52   0x00000038   Code   RO          877    .text               mf_w.l(d2f.o)
    0x08002c8a   0x0000002c   Code   RO          894    .text               mc_w.l(uidiv.o)
    0x08002cb6   0x0000001e   Code   RO          898    .text               mc_w.l(llshl.o)
    0x08002cd4   0x00000020   Code   RO          900    .text               mc_w.l(llushr.o)
    0x08002cf4   0x00000024   Code   RO          902    .text               mc_w.l(llsshr.o)
    0x08002d18   0x00000000   Code   RO          911    .text               mc_w.l(iusefp.o)
    0x08002d18   0x0000006e   Code   RO          912    .text               mf_w.l(fepilogue.o)
    0x08002d86   0x000000b6   Code   RO          914    .text               mf_w.l(depilogue.o)
    0x08002e3c   0x000000a2   Code   RO          918    .text               mf_w.l(dsqrt.o)
    0x08002ede   0x00000002   PAD
    0x08002ee0   0x00000024   Code   RO          926    .text               mc_w.l(init.o)
    0x08002f04   0x00000020   Code   RO          651    i.__0printf$1       mc_w.l(printf1.o)
    0x08002f24   0x0000007a   Code   RO          591    i.__hardfp_sqrt     m_wm.l(sqrt_full.o)
    0x08002f9e   0x0000000e   Code   RO          930    i.__scatterload_copy  mc_w.l(handlers.o)
    0x08002fac   0x00000002   Code   RO          931    i.__scatterload_null  mc_w.l(handlers.o)
    0x08002fae   0x0000000e   Code   RO          932    i.__scatterload_zeroinit  mc_w.l(handlers.o)
    0x08002fbc   0x0000000c   Code   RO          906    i.__set_errno       mc_w.l(errno.o)
    0x08002fc8   0x00000154   Code   RO          658    i._printf_core      mc_w.l(printf1.o)
    0x0800311c   0x00000804   Data   RO          570    .constdata          arm_cortexM4lf_math.lib(arm_common_tables.o)
    0x08003920   0x00000020   Data   RO          928    Region$$Table       anon$$obj.o


    Execution Region RW_IRAM1 (Base: 0x20000000, Size: 0x00000440, Max: 0x00020000, ABSOLUTE)

    Base Addr    Size         Type   Attr      Idx    E Section Name        Object

    0x20000000   0x00000004   Data   RW           84    .data               main.o
    0x20000004   0x00000009   Data   RW          144    .data               tm_stm32f4_lis302dl_lis3dsh.o
    0x2000000d   0x00000003   PAD
    0x20000010   0x00000004   Data   RW          241    .data               playback.o
    0x20000014   0x00000014   Data   RW          296    .data               system_stm32f4xx.o
    0x20000028   0x00000010   Data   RW          389    .data               stm32f4xx_rcc.o
    0x20000038   0x00000004   Data   RW          893    .data               mc_w.l(stdout.o)
    0x2000003c   0x00000004   Data   RW          907    .data               mc_w.l(errno.o)
    0x20000040   0x00000400   Zero   RW          319    STACK               startup_stm32f40_41xxx.o


==============================================================================

Image component sizes


      Code (inc. data)   RO Data    RW Data    ZI Data      Debug   Object Name

       236          4          0          0          0       1583   accel.o
      1052         46          0          0          0       1997   codec.o
        36          6          0          0          0      44520   fputc_def.o
       576         80          0          4          0     279508   main.o
       448         58          0          4          0       1087   playback.o
        76          6          0          0          0        647   speaker.o
        36          8        392          0       1024        856   startup_stm32f40_41xxx.o
       660         44          0          0          0       4301   stm32f4xx_gpio.o
      1110         26          0          0          0       8751   stm32f4xx_i2c.o
      1588         52          0         16          0      12950   stm32f4xx_rcc.o
      1102         32          0          0          0       7069   stm32f4xx_spi.o
       528         46          0         20          0       1943   system_stm32f4xx.o
      1008         48          0          9          0       4321   tm_stm32f4_lis302dl_lis3dsh.o
      1680         78          0          0          0       4264   tm_stm32f4_spi.o

    ----------------------------------------------------------------------
     10140        534        424         56       1024     373797   Object Totals
         0          0         32          0          0          0   (incl. Generated)
         4          0          0          3          0          0   (incl. Padding)

    ----------------------------------------------------------------------

      Code (inc. data)   RO Data    RW Data    ZI Data      Debug   Library Member Name

         0          0       2052          0          0       2752   arm_common_tables.o
       116         12          0          0          0      16074   arm_sin_f32.o
       122          0          0          0          0        148   sqrt_full.o
         0          0          0          0          0          0   entry.o
         0          0          0          0          0          0   entry10a.o
         0          0          0          0          0          0   entry11a.o
         8          4          0          0          0          0   entry2.o
         4          0          0          0          0          0   entry5.o
         0          0          0          0          0          0   entry7b.o
         0          0          0          0          0          0   entry8b.o
         8          4          0          0          0          0   entry9a.o
        12          6          0          4          0         68   errno.o
        30          0          0          0          0          0   handlers.o
        36          8          0          0          0         68   init.o
         0          0          0          0          0          0   iusefp.o
        30          0          0          0          0         68   llshl.o
        36          0          0          0          0         68   llsshr.o
        32          0          0          0          0         68   llushr.o
       372         14          0          0          0        184   printf1.o
         0          0          0          4          0          0   stdout.o
        44          0          0          0          0         80   uidiv.o
        56          0          0          0          0         88   d2f.o
       334          0          0          0          0        148   dadd.o
       222          0          0          0          0        100   ddiv.o
       182          0          0          0          0        176   depilogue.o
        62          0          0          0          0         80   dfixi.o
        34          0          0          0          0         76   dflti.o
        26          0          0          0          0         76   dfltui.o
       162          0          0          0          0        100   dsqrt.o
       110          0          0          0          0        168   fepilogue.o

    ----------------------------------------------------------------------
      2040         48       2052          8          0      20590   Library Totals
         2          0          0          0          0          0   (incl. Padding)

    ----------------------------------------------------------------------

      Code (inc. data)   RO Data    RW Data    ZI Data      Debug   Library Name

       116         12       2052          0          0      18826   arm_cortexM4lf_math.lib
       122          0          0          0          0        148   m_wm.l
       612         36          0          8          0        604   mc_w.l
      1188          0          0          0          0       1012   mf_w.l

    ----------------------------------------------------------------------
      2040         48       2052          8          0      20590   Library Totals

    ----------------------------------------------------------------------

==============================================================================


      Code (inc. data)   RO Data    RW Data    ZI Data      Debug   

     12180        582       2476         64       1024     391311   Grand Totals
     12180        582       2476         64       1024     391311   ELF Image Totals
     12180        582       2476         64          0          0   ROM Totals

==============================================================================

    Total RO  Size (Code + RO Data)                14656 (  14.31kB)
    Total RW  Size (RW Data + ZI Data)              1088 (   1.06kB)
    Total ROM Size (Code + RO Data + RW Data)      14720 (  14.38kB)

==============================================================================

